Component: ARM Compiler 5.06 update 6 (build 750) Tool: armlink [4d35ed]

==============================================================================

Section Cross References

    main.o(i.main) refers to system.o(i.systemInit) for systemInit
    main.o(i.main) refers to tasks.o(i.xTaskCreate) for xTaskCreate
    main.o(i.main) refers to tasks.o(i.vTaskStartScheduler) for vTaskStartScheduler
    main.o(i.main) refers to main.o(.data) for .data
    main.o(i.main) refers to main.o(i.start_task) for start_task
    main.o(i.start_task) refers to port.o(i.vPortEnterCritical) for vPortEnterCritical
    main.o(i.start_task) refers to tasks.o(i.xTaskCreate) for xTaskCreate
    main.o(i.start_task) refers to tasks.o(i.vTaskDelete) for vTaskDelete
    main.o(i.start_task) refers to port.o(i.vPortExitCritical) for vPortExitCritical
    main.o(i.start_task) refers to system.o(.data) for Check
    main.o(i.start_task) refers to check.o(i.Check_task) for Check_task
    main.o(i.start_task) refers to balance.o(i.Balance_task) for Balance_task
    main.o(i.start_task) refers to system.o(.bss) for SysVal
    main.o(i.start_task) refers to imu_task.o(i.MPU6050_task) for MPU6050_task
    main.o(i.start_task) refers to imu_task.o(i.ICM20948_task) for ICM20948_task
    main.o(i.start_task) refers to show.o(i.show_task) for show_task
    main.o(i.start_task) refers to led.o(i.led_task) for led_task
    main.o(i.start_task) refers to pstwo.o(i.pstwo_task) for pstwo_task
    main.o(i.start_task) refers to usartx.o(i.data_task) for data_task
    main.o(i.start_task) refers to main.o(.data) for .data
    system_stm32f4xx.o(i.SystemCoreClockUpdate) refers to system_stm32f4xx.o(.data) for .data
    system_stm32f4xx.o(i.SystemInit) refers to system_stm32f4xx.o(i.SetSysClock) for SetSysClock
    adc.o(i.Adc_Init) refers to stm32f4xx_rcc.o(i.RCC_AHB1PeriphClockCmd) for RCC_AHB1PeriphClockCmd
    adc.o(i.Adc_Init) refers to stm32f4xx_rcc.o(i.RCC_APB2PeriphClockCmd) for RCC_APB2PeriphClockCmd
    adc.o(i.Adc_Init) refers to stm32f4xx_gpio.o(i.GPIO_Init) for GPIO_Init
    adc.o(i.Adc_Init) refers to stm32f4xx_rcc.o(i.RCC_APB2PeriphResetCmd) for RCC_APB2PeriphResetCmd
    adc.o(i.Adc_Init) refers to stm32f4xx_adc.o(i.ADC_CommonInit) for ADC_CommonInit
    adc.o(i.Adc_Init) refers to stm32f4xx_adc.o(i.ADC_Init) for ADC_Init
    adc.o(i.Adc_Init) refers to stm32f4xx_adc.o(i.ADC_Cmd) for ADC_Cmd
    adc.o(i.Adc_POWER_Init) refers to stm32f4xx_rcc.o(i.RCC_AHB1PeriphClockCmd) for RCC_AHB1PeriphClockCmd
    adc.o(i.Adc_POWER_Init) refers to stm32f4xx_rcc.o(i.RCC_APB2PeriphClockCmd) for RCC_APB2PeriphClockCmd
    adc.o(i.Adc_POWER_Init) refers to stm32f4xx_gpio.o(i.GPIO_Init) for GPIO_Init
    adc.o(i.Adc_POWER_Init) refers to stm32f4xx_rcc.o(i.RCC_APB2PeriphResetCmd) for RCC_APB2PeriphResetCmd
    adc.o(i.Adc_POWER_Init) refers to stm32f4xx_adc.o(i.ADC_CommonInit) for ADC_CommonInit
    adc.o(i.Adc_POWER_Init) refers to stm32f4xx_adc.o(i.ADC_Init) for ADC_Init
    adc.o(i.Adc_POWER_Init) refers to stm32f4xx_adc.o(i.ADC_Cmd) for ADC_Cmd
    adc.o(i.Get_Adc) refers to stm32f4xx_adc.o(i.ADC_RegularChannelConfig) for ADC_RegularChannelConfig
    adc.o(i.Get_Adc) refers to stm32f4xx_adc.o(i.ADC_SoftwareStartConv) for ADC_SoftwareStartConv
    adc.o(i.Get_Adc) refers to stm32f4xx_adc.o(i.ADC_GetFlagStatus) for ADC_GetFlagStatus
    adc.o(i.Get_Adc) refers to stm32f4xx_adc.o(i.ADC_GetConversionValue) for ADC_GetConversionValue
    adc.o(i.Get_Adc2) refers to stm32f4xx_adc.o(i.ADC_RegularChannelConfig) for ADC_RegularChannelConfig
    adc.o(i.Get_Adc2) refers to stm32f4xx_adc.o(i.ADC_SoftwareStartConv) for ADC_SoftwareStartConv
    adc.o(i.Get_Adc2) refers to stm32f4xx_adc.o(i.ADC_GetFlagStatus) for ADC_GetFlagStatus
    adc.o(i.Get_Adc2) refers to stm32f4xx_adc.o(i.ADC_GetConversionValue) for ADC_GetConversionValue
    adc.o(i.Get_adc_Average) refers to adc.o(i.Get_Adc) for Get_Adc
    adc.o(i.Get_adc_Average) refers to delay.o(i.delay_ms) for delay_ms
    adc.o(i.Get_battery_volt) refers to adc.o(i.Get_Adc2) for Get_Adc2
    adc.o(i.Get_battery_volt) refers to dfltui.o(.text) for __aeabi_ui2d
    adc.o(i.Get_battery_volt) refers to dmul.o(.text) for __aeabi_dmul
    adc.o(i.Get_battery_volt) refers to d2f.o(.text) for __aeabi_d2f
    can.o(i.CAN1_Mode_Init) refers to stm32f4xx_rcc.o(i.RCC_AHB1PeriphClockCmd) for RCC_AHB1PeriphClockCmd
    can.o(i.CAN1_Mode_Init) refers to stm32f4xx_rcc.o(i.RCC_APB1PeriphClockCmd) for RCC_APB1PeriphClockCmd
    can.o(i.CAN1_Mode_Init) refers to stm32f4xx_gpio.o(i.GPIO_Init) for GPIO_Init
    can.o(i.CAN1_Mode_Init) refers to stm32f4xx_gpio.o(i.GPIO_PinAFConfig) for GPIO_PinAFConfig
    can.o(i.CAN1_Mode_Init) refers to misc.o(i.NVIC_Init) for NVIC_Init
    can.o(i.CAN1_Mode_Init) refers to stm32f4xx_can.o(i.CAN_ITConfig) for CAN_ITConfig
    can.o(i.CAN1_RX0_IRQHandler) refers to can.o(i.CAN1_Rx_Msg) for CAN1_Rx_Msg
    can.o(i.CAN1_RX0_IRQHandler) refers to usartx.o(i.Vz_to_Akm_Angle) for Vz_to_Akm_Angle
[...]
    xTaskCreate                              0x080108ad   Thumb Code    86  tasks.o(i.xTaskCreate)
    xTaskGetSchedulerState                   0x08010905   Thumb Code    22  tasks.o(i.xTaskGetSchedulerState)
    xTaskGetTickCount                        0x08010921   Thumb Code     6  tasks.o(i.xTaskGetTickCount)
    xTaskIncrementTick                       0x0801092d   Thumb Code   188  tasks.o(i.xTaskIncrementTick)
    xTaskPriorityDisinherit                  0x08010a15   Thumb Code   136  tasks.o(i.xTaskPriorityDisinherit)
    xTaskRemoveFromEventList                 0x08010ac9   Thumb Code   102  tasks.o(i.xTaskRemoveFromEventList)
    xTaskResumeAll                           0x08010b61   Thumb Code   180  tasks.o(i.xTaskResumeAll)
    xTimerCreate                             0x08010c45   Thumb Code    74  timers.o(i.xTimerCreate)
    xTimerCreateTimerTask                    0x08010cb9   Thumb Code    58  timers.o(i.xTimerCreateTimerTask)
    xTimerGenericCommand                     0x08010d2d   Thumb Code    98  timers.o(i.xTimerGenericCommand)
    oled_asc2_1206                           0x08010dbc   Data        1140  oled.o(.constdata)
    oled_asc2_1608                           0x08011230   Data        1520  oled.o(.constdata)
    cfont16                                  0x08011820   Data        3502  oled.o(.constdata)
    cfont12                                  0x080125ce   Data         598  oled.o(.constdata)
    gImage_usb                               0x08012824   Data         420  oled.o(.constdata)
    __mathlib_zero                           0x08012ae8   Data           8  qnan.o(.constdata)
    Region$$Table$$Base                      0x08012c78   Number         0  anon$$obj.o(Region$$Table)
    Region$$Table$$Limit                     0x08012c98   Number         0  anon$$obj.o(Region$$Table)
    StartTask_Handler                        0x20000000   Data           4  main.o(.data)
    SystemCoreClock                          0x20000004   Data           4  system_stm32f4xx.o(.data)
    AHBPrescTable                            0x20000008   Data          16  system_stm32f4xx.o(.data)
    Voltage                                  0x20000018   Data           4  adc.o(.data)
    Voltage_All                              0x2000001c   Data           4  adc.o(.data)
    Led_Count                                0x20000040   Data           4  led.o(.data)
    Comd                                     0x20000049   Data           2  pstwo.o(.data)
    Handkey                                  0x2000004c   Data           2  pstwo.o(.data)
    Classic_PS2Gamepad                       0x20000050   Data          20  pstwo.o(.data)
    ps2_default_buf                          0x20000064   Data           9  pstwo.o(.data)
    TIM8CH1_CAPTURE_STA                      0x20000078   Data           1  timer.o(.data)
    TIM8CH2_CAPTURE_STA                      0x20000079   Data           1  timer.o(.data)
    TIM8CH3_CAPTURE_STA                      0x2000007a   Data           1  timer.o(.data)
    TIM8CH4_CAPTURE_STA                      0x2000007b   Data           1  timer.o(.data)
    TIM8CH1_CAPTURE_UPVAL                    0x20000080   Data           2  timer.o(.data)
    TIM8CH1_CAPTURE_DOWNVAL                  0x20000082   Data           2  timer.o(.data)
    TIM8CH2_CAPTURE_UPVAL                    0x20000084   Data           2  timer.o(.data)
    TIM8CH2_CAPTURE_DOWNVAL                  0x20000086   Data           2  timer.o(.data)
    TIM8CH3_CAPTURE_UPVAL                    0x20000088   Data           2  timer.o(.data)
    TIM8CH3_CAPTURE_DOWNVAL                  0x2000008a   Data           2  timer.o(.data)
    TIM8CH4_CAPTURE_UPVAL                    0x2000008c   Data           2  timer.o(.data)
    TIM8CH4_CAPTURE_DOWNVAL                  0x2000008e   Data           2  timer.o(.data)
    Remoter_Ch1                              0x20000090   Data           4  timer.o(.data)
    Remoter_Ch2                              0x20000094   Data           4  timer.o(.data)
    Remoter_Ch3                              0x20000098   Data           4  timer.o(.data)
    Remoter_Ch4                              0x2000009c   Data           4  timer.o(.data)
    L_Remoter_Ch1                            0x200000a0   Data           4  timer.o(.data)
    L_Remoter_Ch2                            0x200000a4   Data           4  timer.o(.data)
    L_Remoter_Ch3                            0x200000a8   Data           4  timer.o(.data)
    L_Remoter_Ch4                            0x200000ac   Data           4  timer.o(.data)
    TIM8_T1                                  0x200000b0   Data           4  timer.o(.data)
    TIM8_T2                                  0x200000b4   Data           4  timer.o(.data)
    TIM8_T3                                  0x200000b8   Data           4  timer.o(.data)
    TIM8_T4                                  0x200000bc   Data           4  timer.o(.data)
    IP_Frame_Valid                           0x200000c0   Data           1  usartx.o(.data)
    Debug_Flag                               0x200000c1   Data           1  usartx.o(.data)
    FlashWriteFlag                           0x200000c2   Data           1  usartx.o(.data)
    IP_Valid_Count                           0x200000d6   Data           2  usartx.o(.data)
    Received_IP                              0x200000d8   Data           4  usartx.o(.data)
    Last_IP                                  0x200000dc   Data           4  usartx.o(.data)
    nav_walk                                 0x20000104   Data           1  autorecharge.o(.data)
    Allow_Recharge                           0x20000105   Data           1  autorecharge.o(.data)
    Charging_Current                         0x20000108   Data           4  autorecharge.o(.data)
    Red_Docker_X                             0x2000010c   Data           4  autorecharge.o(.data)
    Red_Docker_Y                             0x20000110   Data           4  autorecharge.o(.data)
    Red_Docker_Z                             0x20000114   Data           4  autorecharge.o(.data)
    Charging                                 0x20000118   Data           1  autorecharge.o(.data)
    RED_STATE                                0x20000119   Data           1  autorecharge.o(.data)
    Recharge_Red_Move_X                      0x2000011c   Data           4  autorecharge.o(.data)
    Recharge_Red_Move_Y                      0x20000120   Data           4  autorecharge.o(.data)
    Recharge_Red_Move_Z                      0x20000124   Data           4  autorecharge.o(.data)
    Recharge_UP_Move_X                       0x20000128   Data           4  autorecharge.o(.data)
    Recharge_UP_Move_Y                       0x2000012c   Data           4  autorecharge.o(.data)
    Recharge_UP_Move_Z                       0x20000130   Data           4  autorecharge.o(.data)
    L_A                                      0x20000134   Data           1  autorecharge.o(.data)
    L_B                                      0x20000135   Data           1  autorecharge.o(.data)
    R_B                                      0x20000136   Data           1  autorecharge.o(.data)
    R_A                                      0x20000137   Data           1  autorecharge.o(.data)
    gstGyroOffset                            0x20000140   Data           6  icm20948.o(.data)
    gamepad_brand                            0x2000014c   Data           1  bsp_gamepad.o(.data)
    GamePadDebug                             0x2000014d   Data           3  bsp_gamepad.o(.data)
    GamePadInterface                         0x20000150   Data           4  bsp_gamepad.o(.data)
    GamePadDefalut                           0x20000154   Data          20  bsp_gamepad.o(.data)
    __stdout                                 0x20000174   Data           4  usart.o(.data)
    pxCurrentTCB                             0x20000188   Data           4  tasks.o(.data)
    Flag_Stop                                0x200001fc   Data           1  system.o(.data)
    Car_Mode                                 0x200001fd   Data           1  system.o(.data)
    RC_Velocity                              0x20000200   Data           4  system.o(.data)
    Velocity_KP                              0x20000204   Data           4  system.o(.data)
    Velocity_KI                              0x20000208   Data           4  system.o(.data)
    PS2_ON_Flag                              0x2000020c   Data           1  system.o(.data)
    APP_ON_Flag                              0x2000020d   Data           1  system.o(.data)
    Remote_ON_Flag                           0x2000020e   Data           1  system.o(.data)
    CAN_ON_Flag                              0x2000020f   Data           1  system.o(.data)
    Flag_Direction                           0x20000210   Data           1  system.o(.data)
    Check                                    0x20000214   Data           4  system.o(.data)
    Get_Charging_HardWare                    0x20000218   Data           1  system.o(.data)
    charger_check                            0x20000219   Data           1  system.o(.data)
    Full_rotation                            0x2000021c   Data           4  system.o(.data)
    Divisor_Mode                             0x20000220   Data           4  system.o(.data)
    Servo                                    0x20000224   Data           4  system.o(.data)
    Move_X                                   0x20000228   Data           4  system.o(.data)
    Move_Y                                   0x2000022c   Data           4  system.o(.data)
    Move_Z                                   0x20000230   Data           4  system.o(.data)
    Encoder_precision                        0x20000234   Data           4  system.o(.data)
    Wheel_perimeter                          0x20000238   Data           4  system.o(.data)
    Wheel_spacing                            0x2000023c   Data           4  system.o(.data)
    Axle_spacing                             0x20000240   Data           4  system.o(.data)
    Omni_turn_radiaus                        0x20000244   Data           4  system.o(.data)
    Usart1_ON_Flag                           0x20000248   Data           1  system.o(.data)
    Usart5_ON_Flag                           0x20000249   Data           1  system.o(.data)
    Flag_Left                                0x2000024a   Data           1  system.o(.data)
    Flag_Right                               0x2000024b   Data           1  system.o(.data)
    Turn_Flag                                0x2000024c   Data           1  system.o(.data)
    PID_Send                                 0x2000024d   Data           1  system.o(.data)
    POT_val                                  0x20000250   Data           4  system.o(.data)
    command_lost_count                       0x20000254   Data           1  balance.o(.data)
    start_check_flag                         0x20000255   Data           1  balance.o(.data)
    wait_clear_times                         0x20000256   Data           1  balance.o(.data)
    start_clear                              0x20000257   Data           1  balance.o(.data)
    clear_done_once                          0x20000258   Data           1  balance.o(.data)
    clear_state                              0x20000259   Data           1  balance.o(.data)
    clear_again_times                        0x20000260   Data           2  balance.o(.data)
    robot_mode_check_flag                    0x20000264   Data           4  balance.o(.data)
    LineDiffParam                            0x20000268   Data           4  balance.o(.data)
    oled_page                                0x200002a0   Data           1  show.o(.data)
    show_usb_enum                            0x200002a1   Data           1  show.o(.data)
    oled_refresh_flag                        0x200002a5   Data           1  show.o(.data)
    Buzzer_count                             0x200002a8   Data           4  show.o(.data)
    base_vol                                 0x200002ac   Data           4  show.o(.data)
    Voltage_Show                             0x200002b8   Data           4  show.o(.data)
    Buzzer_count1                            0x200002bc   Data           4  check.o(.data)
    Appli_state                              0x200002c4   Data           1  usb_host.o(.data)
    GamePad_HID_Class                        0x200002c8   Data          32  usbh_hid_gamepad.o(.data)
    GamePad_NonStdHID_Class                  0x200002e8   Data          32  usbh_hid_gamepad.o(.data)
    Xbox360Gamepad                           0x20000314   Data          20  xbox360_gamepad.o(.data)
    Wired_USB_PS2Gamepad                     0x2000032c   Data          20  wiredps2_gamepad.o(.data)
    __microlib_freelist                      0x20000340   Data           4  mvars.o(.data)
    __microlib_freelist_initialised          0x20000344   Data           4  mvars.o(.data)
    OLED_GRAM                                0x20000358   Data        1024  oled.o(.bss)
    Data                                     0x20000758   Data           9  pstwo.o(.bss)
    Send_Data                                0x200008a2   Data          48  usartx.o(.bss)
    Receive_Data                             0x200008d4   Data          32  usartx.o(.bss)
    Send_AutoCharge_Data                     0x200008f4   Data          16  usartx.o(.bss)
    xQueueRegistry                           0x20000970   Data          64  queue.o(.bss)
    smooth_control                           0x20005cbc   Data          12  system.o(.bss)
    MOTOR_A                                  0x20005cc8   Data          20  system.o(.bss)
    MOTOR_B                                  0x20005cdc   Data          20  system.o(.bss)
    MOTOR_C                                  0x20005cf0   Data          20  system.o(.bss)
    MOTOR_D                                  0x20005d04   Data          20  system.o(.bss)
    SysVal                                   0x20005d18   Data          12  system.o(.bss)
    OriginalEncoder                          0x20005d24   Data          16  balance.o(.bss)
    Robot_Parament                           0x20005d34   Data          24  robot_select_init.o(.bss)
    imu                                      0x20005edc   Data          36  imu_task.o(.bss)
    check_parameter                          0x20005f00   Data         100  check.o(.bss)
    hhcd_USB_OTG_FS                          0x20005f64   Data         992  usbh_conf.o(.bss)
    hUsbHostFS                               0x20006344   Data        2536  usb_host.o(.bss)
    GamePad_Manufacturer                     0x20006d2c   Data         100  usbh_hid_gamepad.o(.bss)
    GamePad_iSerialNum                       0x20006e10   Data         100  usbh_hid_gamepad.o(.bss)
    __heap_base                              0x20007078   Data           0  startup_stm32f40_41xxx.o(HEAP)
    __heap_limit                             0x20007278   Data           0  startup_stm32f40_41xxx.o(HEAP)
    __initial_sp                             0x20007678   Data           0  startup_stm32f40_41xxx.o(STACK)



==============================================================================

Memory Map of the image

  Image Entry point : 0x08000189

  Load Region LR_IROM1 (Base: 0x08000000, Size: 0x00012fe4, Max: 0x00100000, ABSOLUTE, COMPRESSED[0x00012d54])

    Execution Region ER_IROM1 (Exec base: 0x08000000, Load base: 0x08000000, Size: 0x00012c98, Max: 0x00100000, ABSOLUTE)

    Exec Addr    Load Addr    Size         Type   Attr      Idx    E Section Name        Object

    0x08000000   0x08000000   0x00000188   Data   RO         2001    RESET               startup_stm32f40_41xxx.o
    0x08000188   0x08000188   0x00000000   Code   RO         6842  * .ARM.Collect$$$$00000000  mc_w.l(entry.o)
    0x08000188   0x08000188   0x00000004   Code   RO         7198    .ARM.Collect$$$$00000001  mc_w.l(entry2.o)
    0x0800018c   0x0800018c   0x00000004   Code   RO         7201    .ARM.Collect$$$$00000004  mc_w.l(entry5.o)
    0x08000190   0x08000190   0x00000000   Code   RO         7203    .ARM.Collect$$$$00000008  mc_w.l(entry7b.o)
    0x08000190   0x08000190   0x00000000   Code   RO         7205    .ARM.Collect$$$$0000000A  mc_w.l(entry8b.o)
    0x08000190   0x08000190   0x00000008   Code   RO         7206    .ARM.Collect$$$$0000000B  mc_w.l(entry9a.o)
    0x08000198   0x08000198   0x00000000   Code   RO         7208    .ARM.Collect$$$$0000000D  mc_w.l(entry10a.o)
    0x08000198   0x08000198   0x00000000   Code   RO         7210    .ARM.Collect$$$$0000000F  mc_w.l(entry11a.o)
    0x08000198   0x08000198   0x00000004   Code   RO         7199    .ARM.Collect$$$$00002712  mc_w.l(entry2.o)
    0x0800019c   0x0800019c   0x000000b6   Code   RO         5181    .emb_text           port.o
    0x08000252   0x08000252   0x00000002   PAD
    0x08000254   0x08000254   0x00000024   Code   RO         2002    .text               startup_stm32f40_41xxx.o
    0x08000278   0x08000278   0x00000024   Code   RO         6845    .text               mc_w.l(memcpya.o)
    0x0800029c   0x0800029c   0x00000024   Code   RO         6847    .text               mc_w.l(memseta.o)
    0x080002c0   0x080002c0   0x0000000e   Code   RO         6849    .text               mc_w.l(strlen.o)
    0x080002ce   0x080002ce   0x0000001c   Code   RO         6851    .text               mc_w.l(strcmp.o)
    0x080002ea   0x080002ea   0x0000014e   Code   RO         7146    .text               mf_w.l(dadd.o)
    0x08000438   0x08000438   0x000000e4   Code   RO         7148    .text               mf_w.l(dmul.o)
    0x0800051c   0x0800051c   0x000000de   Code   RO         7150    .text               mf_w.l(ddiv.o)
    0x080005fa   0x080005fa   0x00000022   Code   RO         7152    .text               mf_w.l(dflti.o)
    0x0800061c   0x0800061c   0x0000001a   Code   RO         7154    .text               mf_w.l(dfltui.o)
    0x08000636   0x08000636   0x0000003e   Code   RO         7156    .text               mf_w.l(dfixi.o)
    0x08000674   0x08000674   0x00000026   Code   RO         7158    .text               mf_w.l(f2d.o)
    0x0800069a   0x0800069a   0x00000038   Code   RO         7160    .text               mf_w.l(d2f.o)
    0x080006d2   0x080006d2   0x0000002c   Code   RO         7212    .text               mc_w.l(uidiv.o)
    0x080006fe   0x080006fe   0x00000062   Code   RO         7214    .text               mc_w.l(uldiv.o)
    0x08000760   0x08000760   0x0000001e   Code   RO         7216    .text               mc_w.l(llshl.o)
    0x0800077e   0x0800077e   0x00000020   Code   RO         7218    .text               mc_w.l(llushr.o)
    0x0800079e   0x0800079e   0x00000024   Code   RO         7220    .text               mc_w.l(llsshr.o)
    0x080007c2   0x080007c2   0x00000000   Code   RO         7231    .text               mc_w.l(iusefp.o)
    0x080007c2   0x080007c2   0x0000006e   Code   RO         7232    .text               mf_w.l(fepilogue.o)
    0x08000830   0x08000830   0x000000ba   Code   RO         7234    .text               mf_w.l(depilogue.o)
    0x080008ea   0x080008ea   0x0000002e   Code   RO         7238    .text               mf_w.l(dscalb.o)
    0x08000918   0x08000918   0x000000a2   Code   RO         7240    .text               mf_w.l(dsqrt.o)
    0x080009ba   0x080009ba   0x00000030   Code   RO         7242    .text               mf_w.l(dfixul.o)
    0x080009ea   0x080009ea   0x00000002   PAD
    0x080009ec   0x080009ec   0x00000030   Code   RO         7246    .text               mf_w.l(cdrcmple.o)
    0x08000a1c   0x08000a1c   0x00000024   Code   RO         7248    .text               mc_w.l(init.o)
    0x08000a40   0x08000a40   0x00000056   Code   RO         7258    .text               mc_w.l(__dczerorl2.o)
    0x08000a96   0x08000a96   0x00000014   Code   RO         2734    i.ADC_Cmd           stm32f4xx_adc.o
    0x08000aaa   0x08000aaa   0x00000002   PAD
    0x08000aac   0x08000aac   0x0000002c   Code   RO         2735    i.ADC_CommonInit    stm32f4xx_adc.o
    0x08000ad8   0x08000ad8   0x00000006   Code   RO         2746    i.ADC_GetConversionValue  stm32f4xx_adc.o
    0x08000ade   0x08000ade   0x0000000e   Code   RO         2747    i.ADC_GetFlagStatus  stm32f4xx_adc.o
    0x08000aec   0x08000aec   0x0000004c   Code   RO         2754    i.ADC_Init          stm32f4xx_adc.o
    0x08000b38   0x08000b38   0x00000074   Code   RO         2759    i.ADC_RegularChannelConfig  stm32f4xx_adc.o
    0x08000bac   0x08000bac   0x0000000a   Code   RO         2761    i.ADC_SoftwareStartConv  stm32f4xx_adc.o
    0x08000bb6   0x08000bb6   0x00000002   PAD
    0x08000bb8   0x08000bb8   0x00000178   Code   RO         5625    i.APP_Show          show.o
    0x08000d30   0x08000d30   0x000000f8   Code   RO         1176    i.ATCommandFeedBack_BT04A  usartx.o
    0x08000e28   0x08000e28   0x00000130   Code   RO         1177    i.ATCommandFeedBack_JDY33  usartx.o
    0x08000f58   0x08000f58   0x00000080   Code   RO          416    i.Adc_Init          adc.o
    0x08000fd8   0x08000fd8   0x00000080   Code   RO          417    i.Adc_POWER_Init    adc.o
    0x08001058   0x08001058   0x00000330   Code   RO         5401    i.Balance_task      balance.o
    0x08001388   0x08001388   0x00000002   Code   RO          300    i.BusFault_Handler  stm32f4xx_it.o
    0x0800138a   0x0800138a   0x00000002   PAD
    0x0800138c   0x0800138c   0x00000034   Code   RO          686    i.Buzzer_Init       led.o
    0x080013c0   0x080013c0   0x00000198   Code   RO          475    i.CAN1_Mode_Init    can.o
    0x08001558   0x08001558   0x00000280   Code   RO          477    i.CAN1_RX0_IRQHandler  can.o
    0x080017d8   0x080017d8   0x00000094   Code   RO          479    i.CAN1_Rx_Msg       can.o
    0x0800186c   0x0800186c   0x00000036   Code   RO          480    i.CAN1_Send_EXTid_Num  can.o
    0x080018a2   0x080018a2   0x00000036   Code   RO          483    i.CAN1_Send_Num     can.o
    0x080018d8   0x080018d8   0x000000ac   Code   RO          484    i.CAN1_Tx_Msg       can.o
    0x08001984   0x08001984   0x00000064   Code   RO          485    i.CAN1_Tx_Staus     can.o
    0x080019e8   0x080019e8   0x00000010   Code   RO         2982    i.CAN_ITConfig      stm32f4xx_can.o
    0x080019f8   0x080019f8   0x00000068   Code   RO         1179    i.CAN_SEND          usartx.o
    0x08001a60   0x08001a60   0x0000007c   Code   RO         1381    i.CAN_Send_AutoRecharge  autorecharge.o
    0x08001adc   0x08001adc   0x00000030   Code   RO         5723    i.Check_Key         check.o
    0x08001b0c   0x08001b0c   0x00000038   Code   RO         1180    i.Check_Sum         usartx.o
    0x08001b44   0x08001b44   0x00000024   Code   RO         1181    i.Check_Sum_AutoCharge  usartx.o
    0x08001b68   0x08001b68   0x00000324   Code   RO         5724    i.Check_task        check.o
    0x08001e8c   0x08001e8c   0x00000014   Code   RO          943    i.ClassicPS2_GetKeyState  pstwo.o
    0x08001ea0   0x08001ea0   0x00000070   Code   RO         5402    i.Classic_PS2GamePad_KeyEvent_Callback  balance.o
    0x08001f10   0x08001f10   0x00000078   Code   RO         5761    i.DeInitStateMachine  usbh_core.o
    0x08001f88   0x08001f88   0x00000002   Code   RO          301    i.DebugMon_Handler  stm32f4xx_it.o
    0x08001f8a   0x08001f8a   0x00000002   PAD
    0x08001f8c   0x08001f8c   0x00000594   Code   RO         5403    i.Drive_Motor       balance.o
    0x08002520   0x08002520   0x00000030   Code   RO          736    i.Enable_Pin        motor.o
    0x08002550   0x08002550   0x000000dc   Code   RO          555    i.Encoder_Init_TIM2  encoder.o
    0x0800262c   0x0800262c   0x000000bc   Code   RO          556    i.Encoder_Init_TIM3  encoder.o
    0x080026e8   0x080026e8   0x000000bc   Code   RO          557    i.Encoder_Init_TIM4  encoder.o
    0x080027a4   0x080027a4   0x000000bc   Code   RO          558    i.Encoder_Init_TIM5  encoder.o
    0x08002860   0x08002860   0x00000004   Code   RO         6572    i.Error_Handler     usbh_os_middleware.o
    0x08002864   0x08002864   0x00000048   Code   RO          780    i.FenJie_float      oled.o
    0x080028ac   0x080028ac   0x00000024   Code   RO         5323    i.Find_Charging_HardWare  system.o
    0x080028d0   0x080028d0   0x00000080   Code   RO         5404    i.FlashParam_Read   balance.o
    0x08002950   0x08002950   0x00000070   Code   RO         5405    i.FlashParam_Save   balance.o
    0x080029c0   0x080029c0   0x00000078   Code   RO         2053    i.GPIO_Init         stm32f4xx_gpio.o
    0x08002a38   0x08002a38   0x00000020   Code   RO         2054    i.GPIO_PinAFConfig  stm32f4xx_gpio.o
    0x08002a58   0x08002a58   0x00000004   Code   RO         2061    i.GPIO_SetBits      stm32f4xx_gpio.o
    0x08002a5c   0x08002a5c   0x00000090   Code   RO         1705    i.GamePadKey_CheckEvent  bsp_gamepad.o
    0x08002aec   0x08002aec   0x00000030   Code   RO          418    i.Get_Adc           adc.o
    0x08002b1c   0x08002b1c   0x00000030   Code   RO          419    i.Get_Adc2          adc.o
    0x08002b4c   0x08002b4c   0x000001d0   Code   RO         5406    i.Get_RC            balance.o
    0x08002d1c   0x08002d1c   0x000001c8   Code   RO         5407    i.Get_Velocity_Form_Encoder  balance.o
    0x08002ee4   0x08002ee4   0x0000002e   Code   RO          420    i.Get_adc_Average   adc.o
    0x08002f12   0x08002f12   0x00000002   PAD
    0x08002f14   0x08002f14   0x00000068   Code   RO          421    i.Get_battery_volt  adc.o
    0x08002f7c   0x08002f7c   0x00000008   Code   RO         6347    i.HAL_HCD_Connect_Callback  usbh_conf.o
    0x08002f84   0x08002f84   0x00000008   Code   RO         6348    i.HAL_HCD_Disconnect_Callback  usbh_conf.o
    0x08002f8c   0x08002f8c   0x00000006   Code   RO         3805    i.HAL_HCD_GetCurrentFrame  stm32f4xx_hal_hcd.o
    0x08002f92   0x08002f92   0x00000006   Code   RO         3806    i.HAL_HCD_GetCurrentSpeed  stm32f4xx_hal_hcd.o
    0x08002f98   0x08002f98   0x00000018   Code   RO         3808    i.HAL_HCD_HC_ClearHubInfo  stm32f4xx_hal_hcd.o
    0x08002fb0   0x08002fb0   0x0000000e   Code   RO         3810    i.HAL_HCD_HC_GetURBState  stm32f4xx_hal_hcd.o
    0x08002fbe   0x08002fbe   0x0000000c   Code   RO         3811    i.HAL_HCD_HC_GetXferCount  stm32f4xx_hal_hcd.o
    0x08002fca   0x08002fca   0x00000024   Code   RO         3812    i.HAL_HCD_HC_Halt   stm32f4xx_hal_hcd.o
    0x08002fee   0x08002fee   0x0000009c   Code   RO         3813    i.HAL_HCD_HC_Init   stm32f4xx_hal_hcd.o
    0x0800308a   0x0800308a   0x00000008   Code   RO         6349    i.HAL_HCD_HC_NotifyURBChange_Callback  usbh_conf.o
    0x08003092   0x08003092   0x0000009a   Code   RO         3816    i.HAL_HCD_HC_SubmitRequest  stm32f4xx_hal_hcd.o
    0x0800312c   0x0800312c   0x00000140   Code   RO         3817    i.HAL_HCD_IRQHandler  stm32f4xx_hal_hcd.o
    0x0800326c   0x0800326c   0x00000070   Code   RO         3818    i.HAL_HCD_Init      stm32f4xx_hal_hcd.o
    0x080032dc   0x080032dc   0x0000006c   Code   RO         6351    i.HAL_HCD_MspInit   usbh_conf.o
    0x08003348   0x08003348   0x00000008   Code   RO         6352    i.HAL_HCD_PortDisabled_Callback  usbh_conf.o
    0x08003350   0x08003350   0x00000008   Code   RO         6353    i.HAL_HCD_PortEnabled_Callback  usbh_conf.o
    0x08003358   0x08003358   0x00000006   Code   RO         3823    i.HAL_HCD_ResetPort  stm32f4xx_hal_hcd.o
    0x0800335e   0x0800335e   0x00000008   Code   RO         6354    i.HAL_HCD_SOF_Callback  usbh_conf.o
    0x08003366   0x08003366   0x0000002c   Code   RO         3825    i.HAL_HCD_Start     stm32f4xx_hal_hcd.o
    0x08003392   0x08003392   0x00000024   Code   RO         3826    i.HAL_HCD_Stop      stm32f4xx_hal_hcd.o
    0x080033b6   0x080033b6   0x0000037c   Code   RO         3828    i.HCD_HC_IN_IRQHandler  stm32f4xx_hal_hcd.o
    0x08003732   0x08003732   0x000002e6   Code   RO         3829    i.HCD_HC_OUT_IRQHandler  stm32f4xx_hal_hcd.o
    0x08003a18   0x08003a18   0x00000094   Code   RO         3830    i.HCD_Port_IRQHandler  stm32f4xx_hal_hcd.o
    0x08003aac   0x08003aac   0x00000086   Code   RO         3831    i.HCD_RXQLVL_IRQHandler  stm32f4xx_hal_hcd.o
    0x08003b32   0x08003b32   0x00000002   Code   RO          302    i.HardFault_Handler  stm32f4xx_it.o
    0x08003b34   0x08003b34   0x00000040   Code   RO         1607    i.I2C_Ack           i2c.o
    0x08003b74   0x08003b74   0x00000044   Code   RO         1608    i.I2C_GPIOInit      i2c.o
    0x08003bb8   0x08003bb8   0x00000040   Code   RO         1609    i.I2C_NAck          i2c.o
    0x08003bf8   0x08003bf8   0x00000070   Code   RO         1611    i.I2C_ReadByte      i2c.o
    0x08003c68   0x08003c68   0x0000003e   Code   RO         1612    i.I2C_ReadOneByte   i2c.o
    0x08003ca6   0x08003ca6   0x00000002   PAD
    0x08003ca8   0x08003ca8   0x00000050   Code   RO         1613    i.I2C_Start         i2c.o
    0x08003cf8   0x08003cf8   0x00000040   Code   RO         1614    i.I2C_Stop          i2c.o
    0x08003d38   0x08003d38   0x00000054   Code   RO         1615    i.I2C_WaiteForAck   i2c.o
    0x08003d8c   0x08003d8c   0x0000004a   Code   RO         1616    i.I2C_WriteBits     i2c.o
    0x08003dd6   0x08003dd6   0x00000002   PAD
    0x08003dd8   0x08003dd8   0x00000060   Code   RO         1618    i.I2C_WriteByte     i2c.o
    0x08003e38   0x08003e38   0x00000032   Code   RO         1620    i.I2C_WriteOneByte  i2c.o
    0x08003e6a   0x08003e6a   0x00000002   PAD
    0x08003e6c   0x08003e6c   0x00000048   Code   RO         1422    i.ICM20948_Get_Accel  icm20948.o
    0x08003eb4   0x08003eb4   0x00000070   Code   RO         1423    i.ICM20948_Get_Gyroscope  icm20948.o
    0x08003f24   0x08003f24   0x00000008   Code   RO         1424    i.ICM20948_getDeviceID  icm20948.o
    0x08003f2c   0x08003f2c   0x00000048   Code   RO         5685    i.ICM20948_task     imu_task.o
    0x08003f74   0x08003f74   0x0000000e   Code   RO         5686    i.ImuData_copy      imu_task.o
    0x08003f82   0x08003f82   0x00000002   PAD
    0x08003f84   0x08003f84   0x0000014c   Code   RO         5408    i.Incremental_PI_A  balance.o
    0x080040d0   0x080040d0   0x0000014c   Code   RO         5409    i.Incremental_PI_B  balance.o
    0x0800421c   0x0800421c   0x00000164   Code   RO         5410    i.Incremental_PI_C  balance.o
    0x08004380   0x08004380   0x00000178   Code   RO         5411    i.Incremental_PI_D  balance.o
    0x080044f8   0x080044f8   0x0000002c   Code   RO          630    i.KEY_Init          key.o
    0x08004524   0x08004524   0x00000108   Code   RO          631    i.KEY_Scan          key.o
    0x0800462c   0x0800462c   0x00000074   Code   RO         5412    i.Key               balance.o
    0x080046a0   0x080046a0   0x00000090   Code   RO         5413    i.Limit_Pwm         balance.o
    0x08004730   0x08004730   0x000000ac   Code   RO         1501    i.MPU6050_Get_Accelscope  mpu6050.o
    0x080047dc   0x080047dc   0x00000080   Code   RO         1502    i.MPU6050_Get_Gyroscope  mpu6050.o
    0x0800485c   0x0800485c   0x00000032   Code   RO         1503    i.MPU6050_Set_LPF   mpu6050.o
    0x0800488e   0x0800488e   0x00000030   Code   RO         1504    i.MPU6050_Set_Rate  mpu6050.o
    0x080048be   0x080048be   0x00000008   Code   RO         1505    i.MPU6050_getDeviceID  mpu6050.o
    0x080048c6   0x080048c6   0x00000084   Code   RO         1506    i.MPU6050_initialize  mpu6050.o
    0x0800494a   0x0800494a   0x00000012   Code   RO         1509    i.MPU6050_setFullScaleAccelRange  mpu6050.o
    0x0800495c   0x0800495c   0x00000012   Code   RO         1510    i.MPU6050_setFullScaleGyroRange  mpu6050.o
    0x0800496e   0x0800496e   0x00000002   PAD
    0x08004970   0x08004970   0x00000048   Code   RO         5687    i.MPU6050_task      imu_task.o
    0x080049b8   0x080049b8   0x00000060   Code   RO         6508    i.MX_USB_HOST_Init  usb_host.o
    0x08004a18   0x08004a18   0x00000002   Code   RO          303    i.MemManage_Handler  stm32f4xx_it.o
    0x08004a1a   0x08004a1a   0x00000002   Code   RO          304    i.NMI_Handler       stm32f4xx_it.o
    0x08004a1c   0x08004a1c   0x00000064   Code   RO         2008    i.NVIC_Init         misc.o
    0x08004a80   0x08004a80   0x00000014   Code   RO         2009    i.NVIC_PriorityGroupConfig  misc.o
    0x08004a94   0x08004a94   0x00000020   Code   RO         5725    i.NVIC_SystemReset  check.o
    0x08004ab4   0x08004ab4   0x0000002c   Code   RO          781    i.OLED_Clear        oled.o
    0x08004ae0   0x08004ae0   0x00000040   Code   RO          784    i.OLED_DrawBMP      oled.o
    0x08004b20   0x08004b20   0x0000003c   Code   RO          785    i.OLED_DrawPoint    oled.o
    0x08004b5c   0x08004b5c   0x0000002e   Code   RO          786    i.OLED_DrawPoint_Shu  oled.o
    0x08004b8a   0x08004b8a   0x00000002   PAD
    0x08004b8c   0x08004b8c   0x00000130   Code   RO          787    i.OLED_Init         oled.o
    0x08004cbc   0x08004cbc   0x00000048   Code   RO          788    i.OLED_Refresh_Gram  oled.o
    0x08004d04   0x08004d04   0x00000028   Code   RO          790    i.OLED_Set_Pos      oled.o
    0x08004d2c   0x08004d2c   0x0000002c   Code   RO          791    i.OLED_ShowCHinese  oled.o
    0x08004d58   0x08004d58   0x0000002c   Code   RO          792    i.OLED_ShowCHinese12  oled.o
    0x08004d84   0x08004d84   0x00000084   Code   RO          793    i.OLED_ShowChar     oled.o
    0x08004e08   0x08004e08   0x00000088   Code   RO          794    i.OLED_ShowFont12   oled.o
    0x08004e90   0x08004e90   0x00000084   Code   RO          795    i.OLED_ShowFont16   oled.o
    0x08004f14   0x08004f14   0x0000000c   Code   RO         5626    i.OLED_ShowGamePadState  show.o
    0x08004f20   0x08004f20   0x00000078   Code   RO          796    i.OLED_ShowNumber   oled.o
    0x08004f98   0x08004f98   0x0000003e   Code   RO          797    i.OLED_ShowString   oled.o
    0x08004fd6   0x08004fd6   0x0000003e   Code   RO          798    i.OLED_ShowString16  oled.o
    0x08005014   0x08005014   0x00000030   Code   RO          799    i.OLED_Show_POT     oled.o
    0x08005044   0x08005044   0x00000044   Code   RO          800    i.OLED_WR_Byte      oled.o
    0x08005088   0x08005088   0x0000000c   Code   RO         6573    i.OTG_FS_IRQHandler  usbh_os_middleware.o
    0x08005094   0x08005094   0x00000018   Code   RO          946    i.PS2_ClearData     pstwo.o
    0x080050ac   0x080050ac   0x00000084   Code   RO          947    i.PS2_Cmd           pstwo.o
    0x08005130   0x08005130   0x000000a4   Code   RO          948    i.PS2_DataKey       pstwo.o
    0x080051d4   0x080051d4   0x0000005c   Code   RO          949    i.PS2_EnterConfing  pstwo.o
    0x08005230   0x08005230   0x0000005c   Code   RO          950    i.PS2_ExitConfing   pstwo.o
    0x0800528c   0x0800528c   0x00000058   Code   RO          951    i.PS2_Init          pstwo.o
    0x080052e4   0x080052e4   0x0000001c   Code   RO          952    i.PS2_Key_Param_Init  pstwo.o
    0x08005300   0x08005300   0x00000070   Code   RO          953    i.PS2_Read          pstwo.o
    0x08005370   0x08005370   0x000000a8   Code   RO          954    i.PS2_ReadData      pstwo.o
    0x08005418   0x08005418   0x0000001e   Code   RO          957    i.PS2_SetInit       pstwo.o
    0x08005436   0x08005436   0x00000002   PAD
    0x08005438   0x08005438   0x00000044   Code   RO          958    i.PS2_ShortPoll     pstwo.o
    0x0800547c   0x0800547c   0x00000058   Code   RO          959    i.PS2_TurnOnAnalogMode  pstwo.o
    0x080054d4   0x080054d4   0x00000294   Code   RO         5414    i.PS2_control       balance.o
    0x08005768   0x08005768   0x0000000c   Code   RO         3680    i.PWR_BackupAccessCmd  stm32f4xx_pwr.o
    0x08005774   0x08005774   0x00000018   Code   RO         2150    i.RCC_AHB1PeriphClockCmd  stm32f4xx_rcc.o
    0x0800578c   0x0800578c   0x00000018   Code   RO         2153    i.RCC_AHB2PeriphClockCmd  stm32f4xx_rcc.o
    0x080057a4   0x080057a4   0x00000018   Code   RO         2159    i.RCC_APB1PeriphClockCmd  stm32f4xx_rcc.o
    0x080057bc   0x080057bc   0x00000018   Code   RO         2162    i.RCC_APB2PeriphClockCmd  stm32f4xx_rcc.o
    0x080057d4   0x080057d4   0x00000018   Code   RO         2164    i.RCC_APB2PeriphResetCmd  stm32f4xx_rcc.o
    0x080057ec   0x080057ec   0x00000090   Code   RO         2171    i.RCC_GetClocksFreq  stm32f4xx_rcc.o
    0x0800587c   0x0800587c   0x0000001c   Code   RO         2180    i.RCC_LSEConfig     stm32f4xx_rcc.o
    0x08005898   0x08005898   0x00000040   Code   RO          559    i.Read_Encoder      encoder.o
    0x080058d8   0x080058d8   0x0000000c   Code   RO         1756    i.Read_Flash        stmflash.o
    0x080058e4   0x080058e4   0x000001d0   Code   RO         5415    i.Remote_Control    balance.o
    0x08005ab4   0x08005ab4   0x0000004c   Code   RO         1182    i.RobotControl_SetDebugLevel  usartx.o
    0x08005b00   0x08005b00   0x00000098   Code   RO         5596    i.Robot_Init        robot_select_init.o
    0x08005b98   0x08005b98   0x00000178   Code   RO         5597    i.Robot_Select      robot_select_init.o
    0x08005d10   0x08005d10   0x00000012   Code   RO         1902    i.SYS_VAL_t_Init    sys.o
    0x08005d22   0x08005d22   0x00000002   PAD
    0x08005d24   0x08005d24   0x000000b4   Code   RO          379    i.SetSysClock       system_stm32f4xx.o
    0x08005dd8   0x08005dd8   0x00000074   Code   RO         5416    i.Set_Pwm           balance.o
    0x08005e4c   0x08005e4c   0x00000154   Code   RO         5417    i.Smooth_control    balance.o
    0x08005fa0   0x08005fa0   0x000000a8   Code   RO         6614    i.SwitchPro_GamePad_Init  usbh_hid_gamepad.o
    0x08006048   0x08006048   0x00000018   Code   RO         2012    i.SysTick_CLKSourceConfig  misc.o
    0x08006060   0x08006060   0x00000014   Code   RO         1845    i.SysTick_Handler   delay.o
    0x08006074   0x08006074   0x0000005c   Code   RO          381    i.SystemInit        system_stm32f4xx.o
    0x080060d0   0x080060d0   0x0000002e   Code   RO         3133    i.TI1_Config        stm32f4xx_tim.o
    0x080060fe   0x080060fe   0x00000036   Code   RO         3134    i.TI2_Config        stm32f4xx_tim.o
    0x08006134   0x08006134   0x000000a0   Code   RO          737    i.TIM10_PWM_Init    motor.o
    0x080061d4   0x080061d4   0x000000a8   Code   RO          738    i.TIM11_PWM_Init    motor.o
    0x0800627c   0x0800627c   0x000000d0   Code   RO         1126    i.TIM12_SERVO_Init  timer.o
    0x0800634c   0x0800634c   0x000000f8   Code   RO          739    i.TIM1_PWM_Init     motor.o
    0x08006444   0x08006444   0x00000010   Code   RO          560    i.TIM2_IRQHandler   encoder.o
    0x08006454   0x08006454   0x00000014   Code   RO          561    i.TIM3_IRQHandler   encoder.o
    0x08006468   0x08006468   0x00000014   Code   RO          562    i.TIM4_IRQHandler   encoder.o
    0x0800647c   0x0800647c   0x00000014   Code   RO          563    i.TIM5_IRQHandler   encoder.o
    0x08006490   0x08006490   0x00000014   Code   RO          564    i.TIM8_BRK_TIM12_IRQHandler  encoder.o
    0x080064a4   0x080064a4   0x000002a8   Code   RO         1127    i.TIM8_CC_IRQHandler  timer.o
    0x0800674c   0x0800674c   0x0000013c   Code   RO         1128    i.TIM8_Cap_Init     timer.o
    0x08006888   0x08006888   0x00000100   Code   RO         1129    i.TIM8_SERVO_Init   timer.o
    0x08006988   0x08006988   0x00000010   Code   RO         1130    i.TIM8_UP_TIM13_IRQHandler  timer.o
    0x08006998   0x08006998   0x000000b8   Code   RO          740    i.TIM9_PWM_Init     motor.o
    0x08006a50   0x08006a50   0x00000014   Code   RO         3135    i.TIM_ARRPreloadConfig  stm32f4xx_tim.o
    0x08006a64   0x08006a64   0x00000006   Code   RO         3141    i.TIM_ClearFlag     stm32f4xx_tim.o
    0x08006a6a   0x08006a6a   0x00000006   Code   RO         3142    i.TIM_ClearITPendingBit  stm32f4xx_tim.o
    0x08006a70   0x08006a70   0x00000014   Code   RO         3147    i.TIM_Cmd           stm32f4xx_tim.o
    0x08006a84   0x08006a84   0x00000016   Code   RO         3149    i.TIM_CtrlPWMOutputs  stm32f4xx_tim.o
    0x08006a9a   0x08006a9a   0x00000032   Code   RO         3156    i.TIM_EncoderInterfaceConfig  stm32f4xx_tim.o
    0x08006acc   0x08006acc   0x00000004   Code   RO         3162    i.TIM_GetCapture1   stm32f4xx_tim.o
    0x08006ad0   0x08006ad0   0x00000004   Code   RO         3163    i.TIM_GetCapture2   stm32f4xx_tim.o
    0x08006ad4   0x08006ad4   0x00000004   Code   RO         3164    i.TIM_GetCapture3   stm32f4xx_tim.o
    0x08006ad8   0x08006ad8   0x00000004   Code   RO         3165    i.TIM_GetCapture4   stm32f4xx_tim.o
    0x08006adc   0x08006adc   0x00000018   Code   RO         3168    i.TIM_GetITStatus   stm32f4xx_tim.o
    0x08006af4   0x08006af4   0x000000ac   Code   RO         3170    i.TIM_ICInit        stm32f4xx_tim.o
    0x08006ba0   0x08006ba0   0x00000010   Code   RO         3171    i.TIM_ICStructInit  stm32f4xx_tim.o
    0x08006bb0   0x08006bb0   0x00000010   Code   RO         3172    i.TIM_ITConfig      stm32f4xx_tim.o
    0x08006bc0   0x08006bc0   0x00000060   Code   RO         3176    i.TIM_OC1Init       stm32f4xx_tim.o
    0x08006c20   0x08006c20   0x0000000c   Code   RO         3178    i.TIM_OC1PolarityConfig  stm32f4xx_tim.o
    0x08006c2c   0x08006c2c   0x0000000c   Code   RO         3179    i.TIM_OC1PreloadConfig  stm32f4xx_tim.o
    0x08006c38   0x08006c38   0x00000080   Code   RO         3181    i.TIM_OC2Init       stm32f4xx_tim.o
    0x08006cb8   0x08006cb8   0x00000014   Code   RO         3183    i.TIM_OC2PolarityConfig  stm32f4xx_tim.o
    0x08006ccc   0x08006ccc   0x00000014   Code   RO         3184    i.TIM_OC2PreloadConfig  stm32f4xx_tim.o
    0x08006ce0   0x08006ce0   0x0000007c   Code   RO         3186    i.TIM_OC3Init       stm32f4xx_tim.o
    0x08006d5c   0x08006d5c   0x00000014   Code   RO         3188    i.TIM_OC3PolarityConfig  stm32f4xx_tim.o
    0x08006d70   0x08006d70   0x0000000c   Code   RO         3189    i.TIM_OC3PreloadConfig  stm32f4xx_tim.o
    0x08006d7c   0x08006d7c   0x00000060   Code   RO         3191    i.TIM_OC4Init       stm32f4xx_tim.o
    0x08006ddc   0x08006ddc   0x00000014   Code   RO         3192    i.TIM_OC4PolarityConfig  stm32f4xx_tim.o
    0x08006df0   0x08006df0   0x00000014   Code   RO         3193    i.TIM_OC4PreloadConfig  stm32f4xx_tim.o
    0x08006e04   0x08006e04   0x00000004   Code   RO         3213    i.TIM_SetCounter    stm32f4xx_tim.o
    0x08006e08   0x08006e08   0x00000010   Code   RO         3214    i.TIM_SetIC1Prescaler  stm32f4xx_tim.o
    0x08006e18   0x08006e18   0x00000018   Code   RO         3215    i.TIM_SetIC2Prescaler  stm32f4xx_tim.o
    0x08006e30   0x08006e30   0x00000010   Code   RO         3216    i.TIM_SetIC3Prescaler  stm32f4xx_tim.o
    0x08006e40   0x08006e40   0x00000018   Code   RO         3217    i.TIM_SetIC4Prescaler  stm32f4xx_tim.o
    0x08006e58   0x08006e58   0x0000007c   Code   RO         3219    i.TIM_TimeBaseInit  stm32f4xx_tim.o
    0x08006ed4   0x08006ed4   0x00000012   Code   RO         3220    i.TIM_TimeBaseStructInit  stm32f4xx_tim.o
    0x08006ee6   0x08006ee6   0x00000002   PAD
    0x08006ee8   0x08006ee8   0x00000050   Code   RO         5418    i.Turn_Off          balance.o
    0x08006f38   0x08006f38   0x000000f8   Code   RO         1183    i.UART5_IRQHandler  usartx.o
    0x08007030   0x08007030   0x00000108   Code   RO         1184    i.USART1_IRQHandler  usartx.o
    0x08007138   0x08007138   0x0000003c   Code   RO         1185    i.USART1_SEND       usartx.o
    0x08007174   0x08007174   0x000002b8   Code   RO         1186    i.USART2_IRQHandler  usartx.o
    0x0800742c   0x0800742c   0x00000250   Code   RO         1187    i.USART3_IRQHandler  usartx.o
    0x0800767c   0x0800767c   0x00000030   Code   RO         1188    i.USART3_Return     usartx.o
    0x080076ac   0x080076ac   0x0000003c   Code   RO         1189    i.USART3_SEND       usartx.o
    0x080076e8   0x080076e8   0x0000003c   Code   RO         1190    i.USART5_SEND       usartx.o
    0x08007724   0x08007724   0x00000014   Code   RO         2544    i.USART_Cmd         stm32f4xx_usart.o
    0x08007738   0x08007738   0x0000003e   Code   RO         2548    i.USART_GetITStatus  stm32f4xx_usart.o
    0x08007776   0x08007776   0x00000030   Code   RO         2550    i.USART_ITConfig    stm32f4xx_usart.o
    0x080077a6   0x080077a6   0x00000002   PAD
    0x080077a8   0x080077a8   0x000000ac   Code   RO         2551    i.USART_Init        stm32f4xx_usart.o
    0x08007854   0x08007854   0x00000008   Code   RO         2558    i.USART_ReceiveData  stm32f4xx_usart.o
    0x0800785c   0x0800785c   0x00000038   Code   RO         6084    i.USBH_AllocPipe    usbh_pipes.o
    0x08007894   0x08007894   0x0000000a   Code   RO         6085    i.USBH_ClosePipe    usbh_pipes.o
    0x0800789e   0x0800789e   0x0000001e   Code   RO         5916    i.USBH_ClrFeature   usbh_ctlreq.o
    0x080078bc   0x080078bc   0x00000022   Code   RO         6018    i.USBH_CtlReceiveData  usbh_ioreq.o
    0x080078de   0x080078de   0x00000060   Code   RO         5917    i.USBH_CtlReq       usbh_ctlreq.o
    0x0800793e   0x0800793e   0x0000002a   Code   RO         6019    i.USBH_CtlSendData  usbh_ioreq.o
    0x08007968   0x08007968   0x0000001e   Code   RO         6020    i.USBH_CtlSendSetup  usbh_ioreq.o
    0x08007986   0x08007986   0x00000004   Code   RO         6355    i.USBH_Delay        usbh_conf.o
    0x0800798a   0x0800798a   0x00000042   Code   RO         5763    i.USBH_FindInterface  usbh_core.o
    0x080079cc   0x080079cc   0x00000018   Code   RO         6086    i.USBH_FreePipe     usbh_pipes.o
    0x080079e4   0x080079e4   0x00000036   Code   RO         5918    i.USBH_GetDescriptor  usbh_ctlreq.o
    0x08007a1a   0x08007a1a   0x0000000e   Code   RO         5919    i.USBH_GetNextDesc  usbh_ctlreq.o
    0x08007a28   0x08007a28   0x00000036   Code   RO         5920    i.USBH_Get_CfgDesc  usbh_ctlreq.o
    0x08007a5e   0x08007a5e   0x00000036   Code   RO         5921    i.USBH_Get_DevDesc  usbh_ctlreq.o
    0x08007a94   0x08007a94   0x00000054   Code   RO         5922    i.USBH_Get_StringDesc  usbh_ctlreq.o
    0x08007ae8   0x08007ae8   0x00000018   Code   RO         6356    i.USBH_Get_USB_Status  usbh_conf.o
    0x08007b00   0x08007b00   0x000000ba   Code   RO         6615    i.USBH_HID_ClassRequest  usbh_hid_gamepad.o
    0x08007bba   0x08007bba   0x00000002   PAD
    0x08007bbc   0x08007bbc   0x00000064   Code   RO         6509    i.USBH_HID_EventCallback  usb_host.o
    0x08007c20   0x08007c20   0x0000000e   Code   RO         6124    i.USBH_HID_FifoInit  usbh_hid.o
    0x08007c2e   0x08007c2e   0x00000044   Code   RO         6125    i.USBH_HID_FifoRead  usbh_hid.o
    0x08007c72   0x08007c72   0x00000052   Code   RO         6126    i.USBH_HID_FifoWrite  usbh_hid.o
    0x08007cc4   0x08007cc4   0x00000044   Code   RO         6616    i.USBH_HID_GamePadInit  usbh_hid_gamepad.o
    0x08007d08   0x08007d08   0x0000001e   Code   RO         6129    i.USBH_HID_GetHIDReportDescriptor  usbh_hid.o
    0x08007d26   0x08007d26   0x00000022   Code   RO         6131    i.USBH_HID_GetReport  usbh_hid.o
    0x08007d48   0x08007d48   0x0000004e   Code   RO         6617    i.USBH_HID_InterfaceDeInit  usbh_hid_gamepad.o
    0x08007d96   0x08007d96   0x00000002   PAD
    0x08007d98   0x08007d98   0x00000194   Code   RO         6618    i.USBH_HID_InterfaceInit  usbh_hid_gamepad.o
    0x08007f2c   0x08007f2c   0x00000078   Code   RO         6619    i.USBH_HID_PS2_Decode  usbh_hid_gamepad.o
    0x08007fa4   0x08007fa4   0x0000010e   Code   RO         6620    i.USBH_HID_Process  usbh_hid_gamepad.o
    0x080080b2   0x080080b2   0x0000003c   Code   RO         6621    i.USBH_HID_SOFProcess  usbh_hid_gamepad.o
    0x080080ee   0x080080ee   0x0000001a   Code   RO         6136    i.USBH_HID_SetIdle  usbh_hid.o
    0x08008108   0x08008108   0x00000020   Code   RO         6137    i.USBH_HID_SetProtocol  usbh_hid.o
    0x08008128   0x08008128   0x000001ac   Code   RO         5923    i.USBH_HandleControl  usbh_ctlreq.o
    0x080082d4   0x080082d4   0x000001f4   Code   RO         5766    i.USBH_HandleEnum   usbh_core.o
    0x080084c8   0x080084c8   0x00000074   Code   RO         5767    i.USBH_Init         usbh_core.o
    0x0800853c   0x0800853c   0x00000022   Code   RO         6021    i.USBH_InterruptReceiveData  usbh_ioreq.o
    0x0800855e   0x0800855e   0x00000022   Code   RO         6022    i.USBH_InterruptSendData  usbh_ioreq.o
    0x08008580   0x08008580   0x00000012   Code   RO         6357    i.USBH_LL_ClosePipe  usbh_conf.o
    0x08008592   0x08008592   0x0000002c   Code   RO         5769    i.USBH_LL_Connect   usbh_core.o
    0x080085be   0x080085be   0x00000042   Code   RO         5770    i.USBH_LL_Disconnect  usbh_core.o
    0x08008600   0x08008600   0x0000000c   Code   RO         6359    i.USBH_LL_DriverVBUS  usbh_conf.o
    0x0800860c   0x0800860c   0x00000008   Code   RO         6360    i.USBH_LL_GetLastXferSize  usbh_conf.o
    0x08008614   0x08008614   0x00000022   Code   RO         6361    i.USBH_LL_GetSpeed  usbh_conf.o
    0x08008636   0x08008636   0x00000008   Code   RO         6363    i.USBH_LL_GetURBState  usbh_conf.o
    0x0800863e   0x0800863e   0x0000001e   Code   RO         5771    i.USBH_LL_IncTimer  usbh_core.o
    0x0800865c   0x0800865c   0x00000050   Code   RO         6364    i.USBH_LL_Init      usbh_conf.o
    0x080086ac   0x080086ac   0x0000001e   Code   RO         5772    i.USBH_LL_NotifyURBChange  usbh_core.o
    0x080086ca   0x080086ca   0x0000001c   Code   RO         6365    i.USBH_LL_OpenPipe  usbh_conf.o
    0x080086e6   0x080086e6   0x00000008   Code   RO         5773    i.USBH_LL_PortDisabled  usbh_core.o
    0x080086ee   0x080086ee   0x00000020   Code   RO         5774    i.USBH_LL_PortEnabled  usbh_core.o
    0x0800870e   0x0800870e   0x00000012   Code   RO         6366    i.USBH_LL_ResetPort  usbh_conf.o
    0x08008720   0x08008720   0x00000006   Code   RO         5775    i.USBH_LL_SetTimer  usbh_core.o
    0x08008726   0x08008726   0x0000001e   Code   RO         6367    i.USBH_LL_SetToggle  usbh_conf.o
    0x08008744   0x08008744   0x00000012   Code   RO         6368    i.USBH_LL_Start     usbh_conf.o
    0x08008756   0x08008756   0x00000012   Code   RO         6369    i.USBH_LL_Stop      usbh_conf.o
    0x08008768   0x08008768   0x00000022   Code   RO         6370    i.USBH_LL_SubmitURB  usbh_conf.o
    0x0800878a   0x0800878a   0x00000014   Code   RO         6087    i.USBH_OpenPipe     usbh_pipes.o
    0x0800879e   0x0800879e   0x0000014a   Code   RO         5924    i.USBH_ParseCfgDesc  usbh_ctlreq.o
    0x080088e8   0x080088e8   0x0000007c   Code   RO         5925    i.USBH_ParseDevDesc  usbh_ctlreq.o
    0x08008964   0x08008964   0x000000b0   Code   RO         5926    i.USBH_ParseEPDesc  usbh_ctlreq.o
    0x08008a14   0x08008a14   0x0000026a   Code   RO         5776    i.USBH_Process      usbh_core.o
    0x08008c7e   0x08008c7e   0x00000024   Code   RO         5777    i.USBH_Process_OS   usbh_core.o
    0x08008ca2   0x08008ca2   0x00000024   Code   RO         5779    i.USBH_RegisterClass  usbh_core.o
    0x08008cc6   0x08008cc6   0x00000016   Code   RO         5780    i.USBH_SelectInterface  usbh_core.o
    0x08008cdc   0x08008cdc   0x0000001c   Code   RO         5927    i.USBH_SetAddress   usbh_ctlreq.o
    0x08008cf8   0x08008cf8   0x0000001c   Code   RO         5928    i.USBH_SetCfg       usbh_ctlreq.o
    0x08008d14   0x08008d14   0x0000001c   Code   RO         5929    i.USBH_SetFeature   usbh_ctlreq.o
    0x08008d30   0x08008d30   0x00000014   Code   RO         5781    i.USBH_Start        usbh_core.o
    0x08008d44   0x08008d44   0x00000020   Code   RO         6510    i.USBH_UserProcess  usb_host.o
    0x08008d64   0x08008d64   0x00000084   Code   RO         3997    i.USB_CoreInit      stm32f4xx_ll_usb.o
    0x08008de8   0x08008de8   0x0000003c   Code   RO         3998    i.USB_CoreReset     stm32f4xx_ll_usb.o
    0x08008e24   0x08008e24   0x0000000c   Code   RO         4005    i.USB_DisableGlobalInt  stm32f4xx_ll_usb.o
    0x08008e30   0x08008e30   0x00000024   Code   RO         4006    i.USB_DoPing        stm32f4xx_ll_usb.o
    0x08008e54   0x08008e54   0x0000002c   Code   RO         4007    i.USB_DriveVbus     stm32f4xx_ll_usb.o
    0x08008e80   0x08008e80   0x0000000c   Code   RO         4013    i.USB_EnableGlobalInt  stm32f4xx_ll_usb.o
    0x08008e8c   0x08008e8c   0x00000038   Code   RO         4014    i.USB_FlushRxFifo   stm32f4xx_ll_usb.o
    0x08008ec4   0x08008ec4   0x0000003c   Code   RO         4015    i.USB_FlushTxFifo   stm32f4xx_ll_usb.o
    0x08008f00   0x08008f00   0x00000018   Code   RO         1706    i.USB_GamePad_InsertCallback  bsp_gamepad.o
    0x08008f18   0x08008f18   0x0000002c   Code   RO         1707    i.USB_GamePad_PullOutCallback  bsp_gamepad.o
    0x08008f44   0x08008f44   0x00000008   Code   RO         4016    i.USB_GetCurrentFrame  stm32f4xx_ll_usb.o
    0x08008f4c   0x08008f4c   0x0000000e   Code   RO         4018    i.USB_GetHostSpeed  stm32f4xx_ll_usb.o
    0x08008f5a   0x08008f5a   0x00000008   Code   RO         4019    i.USB_GetMode       stm32f4xx_ll_usb.o
    0x08008f62   0x08008f62   0x000000d4   Code   RO         4020    i.USB_HC_Halt       stm32f4xx_ll_usb.o
    0x08009036   0x08009036   0x00000002   PAD
    0x08009038   0x08009038   0x00000118   Code   RO         4021    i.USB_HC_Init       stm32f4xx_ll_usb.o
    0x08009150   0x08009150   0x00000008   Code   RO         4022    i.USB_HC_ReadInterrupt  stm32f4xx_ll_usb.o
    0x08009158   0x08009158   0x0000025c   Code   RO         4023    i.USB_HC_StartXfer  stm32f4xx_ll_usb.o
    0x080093b4   0x080093b4   0x000000d0   Code   RO         4024    i.USB_HostInit      stm32f4xx_ll_usb.o
    0x08009484   0x08009484   0x00000038   Code   RO         4025    i.USB_InitFSLSPClkSel  stm32f4xx_ll_usb.o
    0x080094bc   0x080094bc   0x00000010   Code   RO         4026    i.USB_ReadChInterrupts  stm32f4xx_ll_usb.o
    0x080094cc   0x080094cc   0x00000008   Code   RO         4031    i.USB_ReadInterrupts  stm32f4xx_ll_usb.o
    0x080094d4   0x080094d4   0x0000003e   Code   RO         4032    i.USB_ReadPacket    stm32f4xx_ll_usb.o
    0x08009512   0x08009512   0x00000032   Code   RO         4033    i.USB_ResetPort     stm32f4xx_ll_usb.o
    0x08009544   0x08009544   0x0000005c   Code   RO         4034    i.USB_SetCurrentMode  stm32f4xx_ll_usb.o
    0x080095a0   0x080095a0   0x0000008a   Code   RO         4039    i.USB_StopHost      stm32f4xx_ll_usb.o
    0x0800962a   0x0800962a   0x00000026   Code   RO         4040    i.USB_WritePacket   stm32f4xx_ll_usb.o
    0x08009650   0x08009650   0x00000002   Code   RO          305    i.UsageFault_Handler  stm32f4xx_it.o
    0x08009652   0x08009652   0x00000002   PAD
    0x08009654   0x08009654   0x00000040   Code   RO          688    i.V1_0_LED_Init     led.o
    0x08009694   0x08009694   0x00000040   Code   RO          689    i.V1_1_LED_Init     led.o
    0x080096d4   0x080096d4   0x00000098   Code   RO         5627    i.VolMean_Filter    show.o
    0x0800976c   0x0800976c   0x000000ac   Code   RO         1191    i.Vz_to_Akm_Angle   usartx.o
    0x08009818   0x08009818   0x00000014   Code   RO         6743    i.WiredPS2_GetKeyState  wiredps2_gamepad.o
    0x0800982c   0x0800982c   0x00000070   Code   RO         5419    i.Wired_USB_PS2GamePad_KeyEvent_Callback  balance.o
    0x0800989c   0x0800989c   0x000001bc   Code   RO         6745    i.Wired_USB_PS2gamepad_Decode  wiredps2_gamepad.o
    0x08009a58   0x08009a58   0x000001bc   Code   RO         6746    i.Wired_USB_V2_PS2gamepad_Decode  wiredps2_gamepad.o
    0x08009c14   0x08009c14   0x0000003c   Code   RO         1757    i.Write_Flash       stmflash.o
    0x08009c50   0x08009c50   0x00000054   Code   RO         1192    i.XYZ_Target_Speed_transition  usartx.o
    0x08009ca4   0x08009ca4   0x000000d0   Code   RO         5420    i.Xbox360GamePad_KeyEvent_Callback  balance.o
    0x08009d74   0x08009d74   0x000000b8   Code   RO         6688    i.Xbox360GamePad_Vibration  xbox360_gamepad.o
    0x08009e2c   0x08009e2c   0x00000024   Code   RO         6689    i.Xbox360_GamePad_SetVibration  xbox360_gamepad.o
    0x08009e50   0x08009e50   0x00000014   Code   RO         6690    i.Xbox360_GetKeyState  xbox360_gamepad.o
    0x08009e64   0x08009e64   0x000000b8   Code   RO         6691    i.Xbox360_gamepad_Decode  xbox360_gamepad.o
    0x08009f1c   0x08009f1c   0x00000068   Code   RO         1193    i._System_Reset_    usartx.o
    0x08009f84   0x08009f84   0x00000020   Code   RO         7090    i.__0printf         mc_w.l(printfa.o)
    0x08009fa4   0x08009fa4   0x00000030   Code   RO         7182    i.__ARM_fpclassify  m_wm.l(fpclassify.o)
    0x08009fd4   0x08009fd4   0x00000004   PAD
    0x08009fd8   0x08009fd8   0x000002d8   Code   RO         6790    i.__hardfp_atan     m_wm.l(atan.o)
    0x0800a2b0   0x0800a2b0   0x00000c50   Code   RO         6804    i.__hardfp_pow      m_wm.l(pow.o)
    0x0800af00   0x0800af00   0x0000007a   Code   RO         6818    i.__hardfp_sqrt     m_wm.l(sqrt.o)
    0x0800af7a   0x0800af7a   0x00000006   PAD
    0x0800af80   0x0800af80   0x00000080   Code   RO         6830    i.__hardfp_tan      m_wm.l(tan.o)
    0x0800b000   0x0800b000   0x00000438   Code   RO         7187    i.__ieee754_rem_pio2  m_wm.l(rred.o)
    0x0800b438   0x0800b438   0x000000f8   Code   RO         7184    i.__kernel_poly     m_wm.l(poly.o)
    0x0800b530   0x0800b530   0x00000350   Code   RO         7192    i.__kernel_tan      m_wm.l(tan_i.o)
    0x0800b880   0x0800b880   0x00000030   Code   RO         7162    i.__mathlib_dbl_divzero  m_wm.l(dunder.o)
    0x0800b8b0   0x0800b8b0   0x00000014   Code   RO         7163    i.__mathlib_dbl_infnan  m_wm.l(dunder.o)
    0x0800b8c4   0x0800b8c4   0x00000014   Code   RO         7164    i.__mathlib_dbl_infnan2  m_wm.l(dunder.o)
    0x0800b8d8   0x0800b8d8   0x00000020   Code   RO         7165    i.__mathlib_dbl_invalid  m_wm.l(dunder.o)
    0x0800b8f8   0x0800b8f8   0x00000020   Code   RO         7166    i.__mathlib_dbl_overflow  m_wm.l(dunder.o)
    0x0800b918   0x0800b918   0x00000020   Code   RO         7168    i.__mathlib_dbl_underflow  m_wm.l(dunder.o)
    0x0800b938   0x0800b938   0x0000000e   Code   RO         7252    i.__scatterload_copy  mc_w.l(handlers.o)
    0x0800b946   0x0800b946   0x00000002   Code   RO         7253    i.__scatterload_null  mc_w.l(handlers.o)
    0x0800b948   0x0800b948   0x0000000e   Code   RO         7254    i.__scatterload_zeroinit  mc_w.l(handlers.o)
    0x0800b956   0x0800b956   0x00000002   PAD
    0x0800b958   0x0800b958   0x0000000c   Code   RO         7226    i.__set_errno       mc_w.l(errno.o)
    0x0800b964   0x0800b964   0x00000184   Code   RO         7097    i._fp_digits        mc_w.l(printfa.o)
    0x0800bae8   0x0800bae8   0x000006dc   Code   RO         7098    i._printf_core      mc_w.l(printfa.o)
    0x0800c1c4   0x0800c1c4   0x00000024   Code   RO         7099    i._printf_post_padding  mc_w.l(printfa.o)
    0x0800c1e8   0x0800c1e8   0x0000002e   Code   RO         7100    i._printf_pre_padding  mc_w.l(printfa.o)
    0x0800c216   0x0800c216   0x00000002   PAD
    0x0800c218   0x0800c218   0x00000158   Code   RO         5421    i.auto_pwm_clear    balance.o
    0x0800c370   0x0800c370   0x00000034   Code   RO         1194    i.data_task         usartx.o
    0x0800c3a4   0x0800c3a4   0x000002f8   Code   RO         1195    i.data_transition   usartx.o
    0x0800c69c   0x0800c69c   0x00000038   Code   RO         1846    i.delay_init        delay.o
    0x0800c6d4   0x0800c6d4   0x00000038   Code   RO         1847    i.delay_ms          delay.o
    0x0800c70c   0x0800c70c   0x00000034   Code   RO         1848    i.delay_us          delay.o
    0x0800c740   0x0800c740   0x00000018   Code   RO         7178    i.fabs              m_wm.l(fabs.o)
    0x0800c758   0x0800c758   0x00000010   Code   RO         5422    i.float_abs         balance.o
    0x0800c768   0x0800c768   0x00000018   Code   RO         1946    i.fputc             usart.o
    0x0800c780   0x0800c780   0x00000050   Code   RO         7118    i.free              mc_w.l(malloc.o)
    0x0800c7d0   0x0800c7d0   0x0000001c   Code   RO         1850    i.getSysTickCnt     delay.o
    0x0800c7ec   0x0800c7ec   0x00000008   Code   RO         5423    i.int_abs           balance.o
    0x0800c7f4   0x0800c7f4   0x00000018   Code   RO         1425    i.invMSInit         icm20948.o
    0x0800c80c   0x0800c80c   0x000000b0   Code   RO         1426    i.invmsICM20948AccelRead  icm20948.o
    0x0800c8bc   0x0800c8bc   0x00000030   Code   RO         1427    i.invmsICM20948CalAvgValue  icm20948.o
    0x0800c8ec   0x0800c8ec   0x000000cc   Code   RO         1428    i.invmsICM20948GyroRead  icm20948.o
    0x0800c9b8   0x0800c9b8   0x000000d8   Code   RO         1429    i.invmsICM20948Init  icm20948.o
    0x0800ca90   0x0800ca90   0x000000ac   Code   RO         1430    i.invmsICM20948ReadSecondary  icm20948.o
    0x0800cb3c   0x0800cb3c   0x00000096   Code   RO         1431    i.invmsICM20948WriteSecondary  icm20948.o
    0x0800cbd2   0x0800cbd2   0x00000002   PAD
    0x0800cbd4   0x0800cbd4   0x00000044   Code   RO          690    i.led_task          led.o
    0x0800cc18   0x0800cc18   0x00000038   Code   RO            3    i.main              main.o
    0x0800cc50   0x0800cc50   0x0000006c   Code   RO         7119    i.malloc            mc_w.l(malloc.o)
    0x0800ccbc   0x0800ccbc   0x00000014   Code   RO         6692    i.map_joystick      xbox360_gamepad.o
    0x0800ccd0   0x0800ccd0   0x00000010   Code   RO          801    i.oled_pow          oled.o
    0x0800cce0   0x0800cce0   0x000014d8   Code   RO         5628    i.oled_show         show.o
    0x0800e1b8   0x0800e1b8   0x000000e0   Code   RO          802    i.oled_showfloat    oled.o
    0x0800e298   0x0800e298   0x00000068   Code   RO         6574    i.osMessageQueueGet  usbh_os_middleware.o
    0x0800e300   0x0800e300   0x00000050   Code   RO         6575    i.osMessageQueuePut  usbh_os_middleware.o
    0x0800e350   0x0800e350   0x00000070   Code   RO         4700    i.prvAddCurrentTaskToDelayedList  tasks.o
    0x0800e3c0   0x0800e3c0   0x000000d0   Code   RO         4701    i.prvAddNewTaskToReadyList  tasks.o
    0x0800e490   0x0800e490   0x00000050   Code   RO         5053    i.prvCheckForValidListAndQueue  timers.o
    0x0800e4e0   0x0800e4e0   0x00000054   Code   RO         4702    i.prvCheckTasksWaitingTermination  tasks.o
    0x0800e534   0x0800e534   0x00000026   Code   RO         4477    i.prvCopyDataFromQueue  queue.o
    0x0800e55a   0x0800e55a   0x0000006c   Code   RO         4478    i.prvCopyDataToQueue  queue.o
    0x0800e5c6   0x0800e5c6   0x00000014   Code   RO         4703    i.prvDeleteTCB      tasks.o
    0x0800e5da   0x0800e5da   0x00000002   PAD
    0x0800e5dc   0x0800e5dc   0x0000004c   Code   RO         5266    i.prvHeapInit       heap_4.o
    0x0800e628   0x0800e628   0x00000028   Code   RO         4704    i.prvIdleTask       tasks.o
    0x0800e650   0x0800e650   0x000000c0   Code   RO         4705    i.prvInitialiseNewTask  tasks.o
    0x0800e710   0x0800e710   0x0000004c   Code   RO         5267    i.prvInsertBlockIntoFreeList  heap_4.o
    0x0800e75c   0x0800e75c   0x00000038   Code   RO         5054    i.prvInsertTimerInActiveList  timers.o
    0x0800e794   0x0800e794   0x0000001a   Code   RO         4479    i.prvIsQueueEmpty   queue.o
    0x0800e7ae   0x0800e7ae   0x00000002   PAD
    0x0800e7b0   0x0800e7b0   0x00000090   Code   RO         4480    i.prvNotifyQueueSetContainer  queue.o
    0x0800e840   0x0800e840   0x00000060   Code   RO         5055    i.prvProcessExpiredTimer  timers.o
    0x0800e8a0   0x0800e8a0   0x000000f0   Code   RO         5056    i.prvProcessReceivedCommands  timers.o
    0x0800e990   0x0800e990   0x0000006c   Code   RO         5057    i.prvProcessTimerOrBlockTask  timers.o
    0x0800e9fc   0x0800e9fc   0x00000020   Code   RO         4707    i.prvResetNextTaskUnblockTime  tasks.o
    0x0800ea1c   0x0800ea1c   0x00000028   Code   RO         5058    i.prvSampleTimeNow  timers.o
    0x0800ea44   0x0800ea44   0x0000006c   Code   RO         5059    i.prvSwitchTimerLists  timers.o
    0x0800eab0   0x0800eab0   0x00000064   Code   RO         5182    i.prvTaskExitError  port.o
    0x0800eb14   0x0800eb14   0x00000028   Code   RO         5060    i.prvTimerTask      timers.o
    0x0800eb3c   0x0800eb3c   0x00000078   Code   RO         4481    i.prvUnlockQueue    queue.o
    0x0800ebb4   0x0800ebb4   0x00000014   Code   RO         6747    i.ps2_set_bit       wiredps2_gamepad.o
    0x0800ebc8   0x0800ebc8   0x00000098   Code   RO          962    i.pstwo_task        pstwo.o
    0x0800ec60   0x0800ec60   0x00000114   Code   RO         5268    i.pvPortMalloc      heap_4.o
    0x0800ed74   0x0800ed74   0x00000018   Code   RO         4709    i.pvTaskIncrementMutexHeldCount  tasks.o
    0x0800ed8c   0x0800ed8c   0x0000002c   Code   RO         5183    i.pxPortInitialiseStack  port.o
    0x0800edb8   0x0800edb8   0x00000178   Code   RO         5629    i.show_task         show.o
    0x0800ef30   0x0800ef30   0x0000006e   Code   RO         6820    i.sqrt              m_wm.l(sqrt.o)
    0x0800ef9e   0x0800ef9e   0x00000002   PAD
    0x0800efa0   0x0800efa0   0x00000138   Code   RO            4    i.start_task        main.o
    0x0800f0d8   0x0800f0d8   0x00000054   Code   RO         1761    i.stmflash_erase_sector  stmflash.o
    0x0800f12c   0x0800f12c   0x000000a0   Code   RO         1762    i.stmflash_get_flash_sector  stmflash.o
    0x0800f1cc   0x0800f1cc   0x0000004c   Code   RO         1763    i.stmflash_init     stmflash.o
    0x0800f218   0x0800f218   0x00000010   Code   RO         1764    i.stmflash_lock     stmflash.o
    0x0800f228   0x0800f228   0x00000028   Code   RO         1766    i.stmflash_unlock   stmflash.o
    0x0800f250   0x0800f250   0x00000054   Code   RO         1767    i.stmflash_wait_done  stmflash.o
    0x0800f2a4   0x0800f2a4   0x00000100   Code   RO         1768    i.stmflash_write    stmflash.o
    0x0800f3a4   0x0800f3a4   0x0000014c   Code   RO         5324    i.systemInit        system.o
    0x0800f4f0   0x0800f4f0   0x000000c4   Code   RO         5426    i.tank_encoder_direction_adapt  balance.o
    0x0800f5b4   0x0800f5b4   0x00000020   Code   RO         5427    i.target_limit_float  balance.o
    0x0800f5d4   0x0800f5d4   0x00000010   Code   RO         5428    i.target_limit_int  balance.o
    0x0800f5e4   0x0800f5e4   0x000000ac   Code   RO         1196    i.uart1_init        usartx.o
    0x0800f690   0x0800f690   0x000000a8   Code   RO         1197    i.uart2_init        usartx.o
    0x0800f738   0x0800f738   0x000000b0   Code   RO         1198    i.uart3_init        usartx.o
    0x0800f7e8   0x0800f7e8   0x000000dc   Code   RO         1199    i.uart5_init        usartx.o
    0x0800f8c4   0x0800f8c4   0x00000010   Code   RO         1200    i.usart1_send       usartx.o
    0x0800f8d4   0x0800f8d4   0x00000014   Code   RO         1202    i.usart3_send       usartx.o
    0x0800f8e8   0x0800f8e8   0x00000010   Code   RO         1203    i.usart5_send       usartx.o
    0x0800f8f8   0x0800f8f8   0x00000024   Code   RO         4432    i.uxListRemove      list.o
    0x0800f91c   0x0800f91c   0x00000016   Code   RO         4433    i.vListInitialise   list.o
    0x0800f932   0x0800f932   0x00000006   Code   RO         4434    i.vListInitialiseItem  list.o
    0x0800f938   0x0800f938   0x00000030   Code   RO         4435    i.vListInsert       list.o
    0x0800f968   0x0800f968   0x00000018   Code   RO         4436    i.vListInsertEnd    list.o
    0x0800f980   0x0800f980   0x00000078   Code   RO         5185    i.vPortEnterCritical  port.o
    0x0800f9f8   0x0800f9f8   0x00000064   Code   RO         5186    i.vPortExitCritical  port.o
    0x0800fa5c   0x0800fa5c   0x0000009c   Code   RO         5269    i.vPortFree         heap_4.o
    0x0800faf8   0x0800faf8   0x00000020   Code   RO         5187    i.vPortSetupTimerInterrupt  port.o
    0x0800fb18   0x0800fb18   0x0000008c   Code   RO         5188    i.vPortValidateInterruptPriority  port.o
    0x0800fba4   0x0800fba4   0x00000024   Code   RO         4487    i.vQueueAddToRegistry  queue.o
    0x0800fbc8   0x0800fbc8   0x00000044   Code   RO         4491    i.vQueueWaitForMessageRestricted  queue.o
    0x0800fc0c   0x0800fc0c   0x0000006c   Code   RO         4717    i.vTaskDelay        tasks.o
    0x0800fc78   0x0800fc78   0x000000ac   Code   RO         4718    i.vTaskDelayUntil   tasks.o
    0x0800fd24   0x0800fd24   0x000000cc   Code   RO         4719    i.vTaskDelete       tasks.o
    0x0800fdf0   0x0800fdf0   0x0000000c   Code   RO         4723    i.vTaskMissedYield  tasks.o
    0x0800fdfc   0x0800fdfc   0x00000054   Code   RO         4725    i.vTaskPlaceOnEventList  tasks.o
    0x0800fe50   0x0800fe50   0x0000005c   Code   RO         4726    i.vTaskPlaceOnEventListRestricted  tasks.o
    0x0800feac   0x0800feac   0x00000084   Code   RO         4728    i.vTaskPriorityInherit  tasks.o
    0x0800ff30   0x0800ff30   0x00000048   Code   RO         4732    i.vTaskSetTimeOutState  tasks.o
    0x0800ff78   0x0800ff78   0x00000094   Code   RO         4733    i.vTaskStartScheduler  tasks.o
    0x0801000c   0x0801000c   0x00000010   Code   RO         4735    i.vTaskSuspendAll   tasks.o
    0x0801001c   0x0801001c   0x0000007c   Code   RO         4736    i.vTaskSwitchContext  tasks.o
    0x08010098   0x08010098   0x00000058   Code   RO         5630    i.voltage_to_percentage  show.o
    0x080100f0   0x080100f0   0x00000034   Code   RO         5429    i.wheelCoefficient  balance.o
    0x08010124   0x08010124   0x00000114   Code   RO         5189    i.xPortStartScheduler  port.o
    0x08010238   0x08010238   0x0000002c   Code   RO         5190    i.xPortSysTickHandler  port.o
    0x08010264   0x08010264   0x00000078   Code   RO         4496    i.xQueueGenericCreate  queue.o
    0x080102dc   0x080102dc   0x00000184   Code   RO         4497    i.xQueueGenericReceive  queue.o
    0x08010460   0x08010460   0x000000a8   Code   RO         4498    i.xQueueGenericReset  queue.o
    0x08010508   0x08010508   0x00000188   Code   RO         4499    i.xQueueGenericSend  queue.o
    0x08010690   0x08010690   0x000000e0   Code   RO         4500    i.xQueueGenericSendFromISR  queue.o
    0x08010770   0x08010770   0x000000b4   Code   RO         4506    i.xQueueReceiveFromISR  queue.o
    0x08010824   0x08010824   0x00000088   Code   RO         4737    i.xTaskCheckForTimeOut  tasks.o
    0x080108ac   0x080108ac   0x00000056   Code   RO         4738    i.xTaskCreate       tasks.o
    0x08010902   0x08010902   0x00000002   PAD
    0x08010904   0x08010904   0x0000001c   Code   RO         4742    i.xTaskGetSchedulerState  tasks.o
    0x08010920   0x08010920   0x0000000c   Code   RO         4743    i.xTaskGetTickCount  tasks.o
    0x0801092c   0x0801092c   0x000000e8   Code   RO         4745    i.xTaskIncrementTick  tasks.o
    0x08010a14   0x08010a14   0x000000b4   Code   RO         4748    i.xTaskPriorityDisinherit  tasks.o
    0x08010ac8   0x08010ac8   0x00000098   Code   RO         4749    i.xTaskRemoveFromEventList  tasks.o
    0x08010b60   0x08010b60   0x000000e4   Code   RO         4751    i.xTaskResumeAll    tasks.o
    0x08010c44   0x08010c44   0x00000074   Code   RO         5063    i.xTimerCreate      timers.o
    0x08010cb8   0x08010cb8   0x00000074   Code   RO         5064    i.xTimerCreateTimerTask  timers.o
    0x08010d2c   0x08010d2c   0x00000090   Code   RO         5065    i.xTimerGenericCommand  timers.o
    0x08010dbc   0x08010dbc   0x00001a68   Data   RO          804    .constdata          oled.o
    0x08012824   0x08012824   0x000001a4   Data   RO          806    .constdata          oled.o
    0x080129c8   0x080129c8   0x00000098   Data   RO         6793    .constdata          m_wm.l(atan.o)
    0x08012a60   0x08012a60   0x00000088   Data   RO         6807    .constdata          m_wm.l(pow.o)
    0x08012ae8   0x08012ae8   0x00000008   Data   RO         7186    .constdata          m_wm.l(qnan.o)
    0x08012af0   0x08012af0   0x000000c8   Data   RO         7189    .constdata          m_wm.l(rred.o)
    0x08012bb8   0x08012bb8   0x00000060   Data   RO         7193    .constdata          m_wm.l(tan_i.o)
    0x08012c18   0x08012c18   0x00000059   Data   RO         1205    .conststring        usartx.o
    0x08012c71   0x08012c71   0x00000003   PAD
    0x08012c74   0x08012c74   0x00000004   Data   RO         6624    .conststring        usbh_hid_gamepad.o
    0x08012c78   0x08012c78   0x00000020   Data   RO         7250    Region$$Table       anon$$obj.o


    Execution Region RW_IRAM1 (Exec base: 0x20000000, Load base: 0x08012c98, Size: 0x00007678, Max: 0x00020000, ABSOLUTE, COMPRESSED[0x000000bc])

    Exec Addr    Load Addr    Size         Type   Attr      Idx    E Section Name        Object

    0x20000000   COMPRESSED   0x00000004   Data   RW            5    .data               main.o
    0x20000004   COMPRESSED   0x00000014   Data   RW          382    .data               system_stm32f4xx.o
    0x20000018   COMPRESSED   0x00000004   Data   RW          423    .data               adc.o
    0x2000001c   COMPRESSED   0x00000004   Data   RW          425    .data               adc.o
    0x20000020   COMPRESSED   0x0000001e   Data   RW          636    .data               key.o
    0x2000003e   COMPRESSED   0x00000002   PAD
    0x20000040   COMPRESSED   0x00000008   Data   RW          691    .data               led.o
    0x20000048   COMPRESSED   0x0000002e   Data   RW          964    .data               pstwo.o
    0x20000076   COMPRESSED   0x00000002   PAD
    0x20000078   COMPRESSED   0x00000048   Data   RW         1131    .data               timer.o
    0x200000c0   COMPRESSED   0x00000044   Data   RW         1206    .data               usartx.o
    0x20000104   COMPRESSED   0x00000001   Data   RW         1382    .data               autorecharge.o
    0x20000105   COMPRESSED   0x00000001   Data   RW         1383    .data               autorecharge.o
    0x20000106   COMPRESSED   0x00000002   PAD
    0x20000108   COMPRESSED   0x00000004   Data   RW         1384    .data               autorecharge.o
    0x2000010c   COMPRESSED   0x0000000c   Data   RW         1385    .data               autorecharge.o
    0x20000118   COMPRESSED   0x00000001   Data   RW         1386    .data               autorecharge.o
    0x20000119   COMPRESSED   0x00000001   Data   RW         1387    .data               autorecharge.o
    0x2000011a   COMPRESSED   0x00000002   PAD
    0x2000011c   COMPRESSED   0x00000004   Data   RW         1388    .data               autorecharge.o
    0x20000120   COMPRESSED   0x00000004   Data   RW         1389    .data               autorecharge.o
    0x20000124   COMPRESSED   0x00000004   Data   RW         1390    .data               autorecharge.o
    0x20000128   COMPRESSED   0x00000004   Data   RW         1391    .data               autorecharge.o
    0x2000012c   COMPRESSED   0x00000004   Data   RW         1392    .data               autorecharge.o
    0x20000130   COMPRESSED   0x00000004   Data   RW         1393    .data               autorecharge.o
    0x20000134   COMPRESSED   0x00000001   Data   RW         1394    .data               autorecharge.o
    0x20000135   COMPRESSED   0x00000001   Data   RW         1395    .data               autorecharge.o
    0x20000136   COMPRESSED   0x00000001   Data   RW         1396    .data               autorecharge.o
    0x20000137   COMPRESSED   0x00000001   Data   RW         1397    .data               autorecharge.o
    0x20000138   COMPRESSED   0x0000000e   Data   RW         1433    .data               icm20948.o
    0x20000146   COMPRESSED   0x00000002   PAD
    0x20000148   COMPRESSED   0x00000004   Data   RW         1517    .data               mpu6050.o
    0x2000014c   COMPRESSED   0x0000001c   Data   RW         1708    .data               bsp_gamepad.o
    0x20000168   COMPRESSED   0x00000001   Data   RW         1769    .data               stmflash.o
    0x20000169   COMPRESSED   0x00000003   PAD
    0x2000016c   COMPRESSED   0x00000008   Data   RW         1851    .data               delay.o
    0x20000174   COMPRESSED   0x00000004   Data   RW         1951    .data               usart.o
    0x20000178   COMPRESSED   0x00000010   Data   RW         2203    .data               stm32f4xx_rcc.o
    0x20000188   COMPRESSED   0x0000003c   Data   RW         4754    .data               tasks.o
    0x200001c4   COMPRESSED   0x00000014   Data   RW         5073    .data               timers.o
    0x200001d8   COMPRESSED   0x0000000c   Data   RW         5191    .data               port.o
    0x200001e4   COMPRESSED   0x00000018   Data   RW         5274    .data               heap_4.o
    0x200001fc   COMPRESSED   0x00000001   Data   RW         5331    .data               system.o
    0x200001fd   COMPRESSED   0x00000001   Data   RW         5332    .data               system.o
    0x200001fe   COMPRESSED   0x00000002   PAD
    0x20000200   COMPRESSED   0x00000004   Data   RW         5333    .data               system.o
    0x20000204   COMPRESSED   0x00000004   Data   RW         5334    .data               system.o
    0x20000208   COMPRESSED   0x00000004   Data   RW         5335    .data               system.o
    0x2000020c   COMPRESSED   0x00000001   Data   RW         5336    .data               system.o
    0x2000020d   COMPRESSED   0x00000001   Data   RW         5337    .data               system.o
    0x2000020e   COMPRESSED   0x00000001   Data   RW         5338    .data               system.o
    0x2000020f   COMPRESSED   0x00000001   Data   RW         5339    .data               system.o
    0x20000210   COMPRESSED   0x00000001   Data   RW         5340    .data               system.o
    0x20000211   COMPRESSED   0x00000003   PAD
    0x20000214   COMPRESSED   0x00000004   Data   RW         5341    .data               system.o
    0x20000218   COMPRESSED   0x00000001   Data   RW         5343    .data               system.o
    0x20000219   COMPRESSED   0x00000001   Data   RW         5344    .data               system.o
    0x2000021a   COMPRESSED   0x00000002   PAD
    0x2000021c   COMPRESSED   0x00000004   Data   RW         5345    .data               system.o
    0x20000220   COMPRESSED   0x00000004   Data   RW         5346    .data               system.o
    0x20000224   COMPRESSED   0x00000004   Data   RW         5347    .data               system.o
    0x20000228   COMPRESSED   0x00000004   Data   RW         5348    .data               system.o
    0x2000022c   COMPRESSED   0x00000004   Data   RW         5349    .data               system.o
    0x20000230   COMPRESSED   0x00000004   Data   RW         5350    .data               system.o
    0x20000234   COMPRESSED   0x00000004   Data   RW         5351    .data               system.o
    0x20000238   COMPRESSED   0x00000004   Data   RW         5352    .data               system.o
    0x2000023c   COMPRESSED   0x00000004   Data   RW         5353    .data               system.o
    0x20000240   COMPRESSED   0x00000004   Data   RW         5354    .data               system.o
    0x20000244   COMPRESSED   0x00000004   Data   RW         5355    .data               system.o
    0x20000248   COMPRESSED   0x00000001   Data   RW         5356    .data               system.o
    0x20000249   COMPRESSED   0x00000001   Data   RW         5357    .data               system.o
    0x2000024a   COMPRESSED   0x00000001   Data   RW         5358    .data               system.o
    0x2000024b   COMPRESSED   0x00000001   Data   RW         5359    .data               system.o
    0x2000024c   COMPRESSED   0x00000001   Data   RW         5360    .data               system.o
    0x2000024d   COMPRESSED   0x00000001   Data   RW         5361    .data               system.o
    0x2000024e   COMPRESSED   0x00000002   PAD
    0x20000250   COMPRESSED   0x00000004   Data   RW         5367    .data               system.o
    0x20000254   COMPRESSED   0x0000004c   Data   RW         5431    .data               balance.o
    0x200002a0   COMPRESSED   0x0000001c   Data   RW         5632    .data               show.o
    0x200002bc   COMPRESSED   0x00000004   Data   RW         5727    .data               check.o
    0x200002c0   COMPRESSED   0x00000004   Data   RW         5783    .data               usbh_core.o
    0x200002c4   COMPRESSED   0x00000001   Data   RW         6512    .data               usb_host.o
    0x200002c5   COMPRESSED   0x00000003   PAD
    0x200002c8   COMPRESSED   0x00000020   Data   RW         6626    .data               usbh_hid_gamepad.o
    0x200002e8   COMPRESSED   0x00000020   Data   RW         6627    .data               usbh_hid_gamepad.o
    0x20000308   COMPRESSED   0x00000020   Data   RW         6694    .data               xbox360_gamepad.o
    0x20000328   COMPRESSED   0x00000018   Data   RW         6749    .data               wiredps2_gamepad.o
    0x20000340   COMPRESSED   0x00000004   Data   RW         7222    .data               mc_w.l(mvars.o)
    0x20000344   COMPRESSED   0x00000004   Data   RW         7223    .data               mc_w.l(mvars.o)
    0x20000348   COMPRESSED   0x00000004   Data   RW         7227    .data               mc_w.l(errno.o)
    0x2000034c        -       0x0000040c   Zero   RW          803    .bss                oled.o
    0x20000758        -       0x0000010c   Zero   RW          963    .bss                pstwo.o
    0x20000864        -       0x000000a0   Zero   RW         1204    .bss                usartx.o
    0x20000904        -       0x0000006c   Zero   RW         1432    .bss                icm20948.o
    0x20000970        -       0x00000040   Zero   RW         4511    .bss                queue.o
    0x200009b0        -       0x000002e4   Zero   RW         4753    .bss                tasks.o
    0x20000c94        -       0x00000028   Zero   RW         5072    .bss                timers.o
    0x20000cbc        -       0x00005000   Zero   RW         5273    .bss                heap_4.o
    0x20005cbc        -       0x0000000c   Zero   RW         5325    .bss                system.o
    0x20005cc8        -       0x00000014   Zero   RW         5326    .bss                system.o
    0x20005cdc        -       0x00000014   Zero   RW         5327    .bss                system.o
    0x20005cf0        -       0x00000014   Zero   RW         5328    .bss                system.o
    0x20005d04        -       0x00000014   Zero   RW         5329    .bss                system.o
    0x20005d18        -       0x0000000c   Zero   RW         5330    .bss                system.o
    0x20005d24        -       0x00000010   Zero   RW         5430    .bss                balance.o
    0x20005d34        -       0x00000018   Zero   RW         5598    .bss                robot_select_init.o
    0x20005d4c        -       0x00000190   Zero   RW         5631    .bss                show.o
    0x20005edc        -       0x00000024   Zero   RW         5688    .bss                imu_task.o
    0x20005f00        -       0x00000064   Zero   RW         5726    .bss                check.o
    0x20005f64        -       0x000003e0   Zero   RW         6371    .bss                usbh_conf.o
    0x20006344        -       0x000009e8   Zero   RW         6511    .bss                usb_host.o
    0x20006d2c        -       0x000000e4   Zero   RW         6622    .bss                usbh_hid_gamepad.o
    0x20006e10        -       0x00000064   Zero   RW         6623    .bss                usbh_hid_gamepad.o
    0x20006e74        -       0x00000100   Zero   RW         6693    .bss                xbox360_gamepad.o
    0x20006f74        -       0x00000100   Zero   RW         6748    .bss                wiredps2_gamepad.o
    0x20007074   COMPRESSED   0x00000004   PAD
    0x20007078        -       0x00000200   Zero   RW         2000    HEAP                startup_stm32f40_41xxx.o
    0x20007278        -       0x00000400   Zero   RW         1999    STACK               startup_stm32f40_41xxx.o


==============================================================================

Image component sizes


      Code (inc. data)   RO Data    RW Data    ZI Data      Debug   Object Name

       502         60          0          8          0       4537   adc.o
       124          8          0         48          0       1690   autorecharge.o
      7816       1018          0         76         16      26428   balance.o
       212         14          0         28          0       4496   bsp_gamepad.o
      1576        160          0          0          0       7125   can.o
       884         74          0          4        100       3609   check.o
       212         18          0          8          0       3625   delay.o
       944         70          0          0          0       6771   encoder.o
         0          0          0          0          0       9600   event_groups.o
       584        138          0         24      20480       4587   heap_4.o
       818         74          0          0          0       7657   i2c.o
      1182         52          0         14        108      12756   icm20948.o
       158         16          0          0         36       3288   imu_task.o
       308         28          0         30          0       4461   key.o
       248         34          0          8          0       3289   led.o
       136          0          0          0          0       3654   list.o
       368        156          0          4          0     326289   main.o
       144         14          0          0          0       2417   misc.o
       808         44          0          0          0       4103   motor.o
       574         30          0          4          0       5926   mpu6050.o
      1790         64       7180          0       1036      17622   oled.o
      1038        382          0         12          0      11741   port.o
      1258        122          0         46        268      91199   pstwo.o
      2012        272          0          0         64      15808   queue.o
       528        156          0          0         24       2125   robot_select_init.o
      6340       1462          0         28        400       8148   show.o
        36          8        392          0       1536       1020   startup_stm32f40_41xxx.o
       286         20          0          0          0       6234   stm32f4xx_adc.o
        16          0          0          0          0       1727   stm32f4xx_can.o
       156          0          0          0          0       2626   stm32f4xx_gpio.o
      2842          0          0          0          0      15831   stm32f4xx_hal_hcd.o
        12          0          0          0          0       3161   stm32f4xx_it.o
      2214         46          0          0          0      20960   stm32f4xx_ll_usb.o
        12          6          0          0          0        606   stm32f4xx_pwr.o
       292         48          0         16          0       7157   stm32f4xx_rcc.o
      1274         60          0          0          0      26832   stm32f4xx_tim.o
       310          8          0          0          0       4906   stm32f4xx_usart.o
       788        100          0          1          0       7761   stmflash.o
        18          0          0          0          0       3326   sys.o
       368         40          0         79        104       7870   system.o
       272         36          0         20          0       2077   system_stm32f4xx.o
      2930        714          0         60        740      33185   tasks.o
      1476         70          0         72          0       6147   timer.o
      1144        260          0         20         40      10994   timers.o
        24          6          0          4          0       3318   usart.o
      4812        752         89         68        160      52065   usartx.o
       228         60          0          1       2536      15841   usb_host.o
       490         12          0          0        992      15881   usbh_conf.o
      1750         56          0          4          0      14658   usbh_core.o
      1528         12          0          0          0      14414   usbh_ctlreq.o
       286          0          0          0          0      10590   usbh_hid.o
      1354         66          4         64        328       8874   usbh_hid_gamepad.o
       174          0          0          0          0       4826   usbh_ioreq.o
       200         16          0          0          0       5374   usbh_os_middleware.o
       110          0          0          0          0       3682   usbh_pipes.o
       928         26          0         24        256       4974   wiredps2_gamepad.o
       444         44          0         32        256       5198   xbox360_gamepad.o

    ----------------------------------------------------------------------
     57386       6932       7700        832      29484     915066   Object Totals
         0          0         32          0          0          0   (incl. Generated)
        48          0          3         25          4          0   (incl. Padding)

    ----------------------------------------------------------------------

      Code (inc. data)   RO Data    RW Data    ZI Data      Debug   Library Member Name

       728        106        152          0          0        228   atan.o
       184         44          0          0          0        744   dunder.o
        24          0          0          0          0        124   fabs.o
        48          0          0          0          0        124   fpclassify.o
       248          0          0          0          0        152   poly.o
      3152        296        136          0          0        352   pow.o
         0          0          8          0          0          0   qnan.o
      1080        142        200          0          0        188   rred.o
       232          0          0          0          0        296   sqrt.o
       128         20          0          0          0        144   tan.o
       848         84         96          0          0        196   tan_i.o
        86          0          0          0          0          0   __dczerorl2.o
         0          0          0          0          0          0   entry.o
         0          0          0          0          0          0   entry10a.o
         0          0          0          0          0          0   entry11a.o
         8          4          0          0          0          0   entry2.o
         4          0          0          0          0          0   entry5.o
         0          0          0          0          0          0   entry7b.o
         0          0          0          0          0          0   entry8b.o
         8          4          0          0          0          0   entry9a.o
        12          6          0          4          0         68   errno.o
        30          0          0          0          0          0   handlers.o
        36          8          0          0          0         68   init.o
         0          0          0          0          0          0   iusefp.o
        30          0          0          0          0         68   llshl.o
        36          0          0          0          0         68   llsshr.o
        32          0          0          0          0         68   llushr.o
       188         20          0          0          0        160   malloc.o
        36          0          0          0          0         68   memcpya.o
        36          0          0          0          0        108   memseta.o
         0          0          0          8          0          0   mvars.o
      2258         90          0          0          0        452   printfa.o
        28          0          0          0          0         76   strcmp.o
        14          0          0          0          0         68   strlen.o
        44          0          0          0          0         80   uidiv.o
        98          0          0          0          0         92   uldiv.o
        48          0          0          0          0         68   cdrcmple.o
        56          0          0          0          0         88   d2f.o
       334          0          0          0          0        148   dadd.o
       222          0          0          0          0        100   ddiv.o
       186          0          0          0          0        176   depilogue.o
        62          0          0          0          0         80   dfixi.o
        48          0          0          0          0         68   dfixul.o
        34          0          0          0          0         76   dflti.o
        26          0          0          0          0         76   dfltui.o
       228          0          0          0          0         96   dmul.o
        46          0          0          0          0         80   dscalb.o
       162          0          0          0          0        100   dsqrt.o
        38          0          0          0          0         68   f2d.o
       110          0          0          0          0        168   fepilogue.o

    ----------------------------------------------------------------------
     11274        824        592         12          0       5384   Library Totals
        18          0          0          0          0          0   (incl. Padding)

    ----------------------------------------------------------------------

      Code (inc. data)   RO Data    RW Data    ZI Data      Debug   Library Name

      6672        692        592          0          0       2548   m_wm.l
      2984        132          0         12          0       1444   mc_w.l
      1600          0          0          0          0       1392   mf_w.l

    ----------------------------------------------------------------------
     11274        824        592         12          0       5384   Library Totals

    ----------------------------------------------------------------------

==============================================================================


      Code (inc. data)   RO Data    RW Data    ZI Data      Debug   

     68660       7756       8292        844      29484     873126   Grand Totals
     68660       7756       8292        188      29484     873126   ELF Image Totals (compressed)
     68660       7756       8292        188          0          0   ROM Totals

==============================================================================

    Total RO  Size (Code + RO Data)                76952 (  75.15kB)
    Total RW  Size (RW Data + ZI Data)             30328 (  29.62kB)
    Total ROM Size (Code + RO Data + RW Data)      77140 (  75.33kB)

==============================================================================

